Archive member included to satisfy reference by file (symbol)

C:/ST/STM32CubeIDE_1.13.2/STM32CubeIDE/plugins/com.st.stm32cube.ide.mcu.externaltools.gnu-tools-for-stm32.11.3.rel1.win32_1.1.1.202309131626/tools/bin/../lib/gcc/arm-none-eabi/11.3.1/../../../../arm-none-eabi/lib/thumb/v7e-m+fp/hard\libc_nano.a(libc_a-exit.o)
                              C:/ST/STM32CubeIDE_1.13.2/STM32CubeIDE/plugins/com.st.stm32cube.ide.mcu.externaltools.gnu-tools-for-stm32.11.3.rel1.win32_1.1.1.202309131626/tools/bin/../lib/gcc/arm-none-eabi/11.3.1/../../../../arm-none-eabi/lib/thumb/v7e-m+fp/hard/crt0.o (exit)
C:/ST/STM32CubeIDE_1.13.2/STM32CubeIDE/plugins/com.st.stm32cube.ide.mcu.externaltools.gnu-tools-for-stm32.11.3.rel1.win32_1.1.1.202309131626/tools/bin/../lib/gcc/arm-none-eabi/11.3.1/../../../../arm-none-eabi/lib/thumb/v7e-m+fp/hard\libc_nano.a(libc_a-findfp.o)
                              C:/ST/STM32CubeIDE_1.13.2/STM32CubeIDE/plugins/com.st.stm32cube.ide.mcu.externaltools.gnu-tools-for-stm32.11.3.rel1.win32_1.1.1.202309131626/tools/bin/../lib/gcc/arm-none-eabi/11.3.1/../../../../arm-none-eabi/lib/thumb/v7e-m+fp/hard\libc_nano.a(libc_a-exit.o) (__stdio_exit_handler)
C:/ST/STM32CubeIDE_1.13.2/STM32CubeIDE/plugins/com.st.stm32cube.ide.mcu.externaltools.gnu-tools-for-stm32.11.3.rel1.win32_1.1.1.202309131626/tools/bin/../lib/gcc/arm-none-eabi/11.3.1/../../../../arm-none-eabi/lib/thumb/v7e-m+fp/hard\libc_nano.a(libc_a-fwalk.o)
                              C:/ST/STM32CubeIDE_1.13.2/STM32CubeIDE/plugins/com.st.stm32cube.ide.mcu.externaltools.gnu-tools-for-stm32.11.3.rel1.win32_1.1.1.202309131626/tools/bin/../lib/gcc/arm-none-eabi/11.3.1/../../../../arm-none-eabi/lib/thumb/v7e-m+fp/hard\libc_nano.a(libc_a-findfp.o) (_fwalk_sglue)
C:/ST/STM32CubeIDE_1.13.2/STM32CubeIDE/plugins/com.st.stm32cube.ide.mcu.externaltools.gnu-tools-for-stm32.11.3.rel1.win32_1.1.1.202309131626/tools/bin/../lib/gcc/arm-none-eabi/11.3.1/../../../../arm-none-eabi/lib/thumb/v7e-m+fp/hard\libc_nano.a(libc_a-printf.o)
                              ./Core/Src/rfid.o (printf)
C:/ST/STM32CubeIDE_1.13.2/STM32CubeIDE/plugins/com.st.stm32cube.ide.mcu.externaltools.gnu-tools-for-stm32.11.3.rel1.win32_1.1.1.202309131626/tools/bin/../lib/gcc/arm-none-eabi/11.3.1/../../../../arm-none-eabi/lib/thumb/v7e-m+fp/hard\libc_nano.a(libc_a-puts.o)
                              ./Core/Src/rfid.o (puts)
C:/ST/STM32CubeIDE_1.13.2/STM32CubeIDE/plugins/com.st.stm32cube.ide.mcu.externaltools.gnu-tools-for-stm32.11.3.rel1.win32_1.1.1.202309131626/tools/bin/../lib/gcc/arm-none-eabi/11.3.1/../../../../arm-none-eabi/lib/thumb/v7e-m+fp/hard\libc_nano.a(libc_a-sprintf.o)
                              ./Core/Src/security_system_interface.o (sprintf)
C:/ST/STM32CubeIDE_1.13.2/STM32CubeIDE/plugins/com.st.stm32cube.ide.mcu.externaltools.gnu-tools-for-stm32.11.3.rel1.win32_1.1.1.202309131626/tools/bin/../lib/gcc/arm-none-eabi/11.3.1/../../../../arm-none-eabi/lib/thumb/v7e-m+fp/hard\libc_nano.a(libc_a-stdio.o)
                              C:/ST/STM32CubeIDE_1.13.2/STM32CubeIDE/plugins/com.st.stm32cube.ide.mcu.externaltools.gnu-tools-for-stm32.11.3.rel1.win32_1.1.1.202309131626/tools/bin/../lib/gcc/arm-none-eabi/11.3.1/../../../../arm-none-eabi/lib/thumb/v7e-m+fp/hard\libc_nano.a(libc_a-findfp.o) (__sread)
C:/ST/STM32CubeIDE_1.13.2/STM32CubeIDE/plugins/com.st.stm32cube.ide.mcu.externaltools.gnu-tools-for-stm32.11.3.rel1.win32_1.1.1.202309131626/tools/bin/../lib/gcc/arm-none-eabi/11.3.1/../../../../arm-none-eabi/lib/thumb/v7e-m+fp/hard\libc_nano.a(libc_a-wbuf.o)
                              C:/ST/STM32CubeIDE_1.13.2/STM32CubeIDE/plugins/com.st.stm32cube.ide.mcu.externaltools.gnu-tools-for-stm32.11.3.rel1.win32_1.1.1.202309131626/tools/bin/../lib/gcc/arm-none-eabi/11.3.1/../../../../arm-none-eabi/lib/thumb/v7e-m+fp/hard\libc_nano.a(libc_a-puts.o) (__swbuf_r)
C:/ST/STM32CubeIDE_1.13.2/STM32CubeIDE/plugins/com.st.stm32cube.ide.mcu.externaltools.gnu-tools-for-stm32.11.3.rel1.win32_1.1.1.202309131626/tools/bin/../lib/gcc/arm-none-eabi/11.3.1/../../../../arm-none-eabi/lib/thumb/v7e-m+fp/hard\libc_nano.a(libc_a-wsetup.o)
                              C:/ST/STM32CubeIDE_1.13.2/STM32CubeIDE/plugins/com.st.stm32cube.ide.mcu.externaltools.gnu-tools-for-stm32.11.3.rel1.win32_1.1.1.202309131626/tools/bin/../lib/gcc/arm-none-eabi/11.3.1/../../../../arm-none-eabi/lib/thumb/v7e-m+fp/hard\libc_nano.a(libc_a-puts.o) (__swsetup_r)
C:/ST/STM32CubeIDE_1.13.2/STM32CubeIDE/plugins/com.st.stm32cube.ide.mcu.externaltools.gnu-tools-for-stm32.11.3.rel1.win32_1.1.1.202309131626/tools/bin/../lib/gcc/arm-none-eabi/11.3.1/../../../../arm-none-eabi/lib/thumb/v7e-m+fp/hard\libc_nano.a(libc_a-memset.o)
                              C:/ST/STM32CubeIDE_1.13.2/STM32CubeIDE/plugins/com.st.stm32cube.ide.mcu.externaltools.gnu-tools-for-stm32.11.3.rel1.win32_1.1.1.202309131626/tools/bin/../lib/gcc/arm-none-eabi/11.3.1/../../../../arm-none-eabi/lib/thumb/v7e-m+fp/hard/crt0.o (memset)
[...]
Memory Configuration

Name             Origin             Length             Attributes
RAM              0x0000000020000000 0x0000000000020000 xrw
FLASH            0x0000000008000000 0x0000000000080000 xr
*default*        0x0000000000000000 0xffffffffffffffff

Linker script and memory map

LOAD C:/ST/STM32CubeIDE_1.13.2/STM32CubeIDE/plugins/com.st.stm32cube.ide.mcu.externaltools.gnu-tools-for-stm32.11.3.rel1.win32_1.1.1.202309131626/tools/bin/../lib/gcc/arm-none-eabi/11.3.1/thumb/v7e-m+fp/hard/crti.o
LOAD C:/ST/STM32CubeIDE_1.13.2/STM32CubeIDE/plugins/com.st.stm32cube.ide.mcu.externaltools.gnu-tools-for-stm32.11.3.rel1.win32_1.1.1.202309131626/tools/bin/../lib/gcc/arm-none-eabi/11.3.1/thumb/v7e-m+fp/hard/crtbegin.o
LOAD C:/ST/STM32CubeIDE_1.13.2/STM32CubeIDE/plugins/com.st.stm32cube.ide.mcu.externaltools.gnu-tools-for-stm32.11.3.rel1.win32_1.1.1.202309131626/tools/bin/../lib/gcc/arm-none-eabi/11.3.1/../../../../arm-none-eabi/lib/thumb/v7e-m+fp/hard/crt0.o
LOAD ./Core/Src/UART.o
LOAD ./Core/Src/beeper.o
LOAD ./Core/Src/delay.o
LOAD ./Core/Src/fonts.o
LOAD ./Core/Src/i2c.o
LOAD ./Core/Src/keypad.o
LOAD ./Core/Src/main.o
LOAD ./Core/Src/oled.o
LOAD ./Core/Src/rfid.o
LOAD ./Core/Src/security_system_interface.o
LOAD ./Core/Src/spi.o
LOAD ./Core/Src/syscalls.o
LOAD ./Core/Src/sysmem.o
LOAD ./Core/Src/system_stm32f4xx.o
LOAD ./Core/Src/voice.o
LOAD ./Core/Startup/startup_stm32f411vetx.o
START GROUP
LOAD C:/ST/STM32CubeIDE_1.13.2/STM32CubeIDE/plugins/com.st.stm32cube.ide.mcu.externaltools.gnu-tools-for-stm32.11.3.rel1.win32_1.1.1.202309131626/tools/bin/../lib/gcc/arm-none-eabi/11.3.1/../../../../arm-none-eabi/lib/thumb/v7e-m+fp/hard\libc_nano.a
LOAD C:/ST/STM32CubeIDE_1.13.2/STM32CubeIDE/plugins/com.st.stm32cube.ide.mcu.externaltools.gnu-tools-for-stm32.11.3.rel1.win32_1.1.1.202309131626/tools/bin/../lib/gcc/arm-none-eabi/11.3.1/../../../../arm-none-eabi/lib/thumb/v7e-m+fp/hard\libm.a
END GROUP
START GROUP
LOAD C:/ST/STM32CubeIDE_1.13.2/STM32CubeIDE/plugins/com.st.stm32cube.ide.mcu.externaltools.gnu-tools-for-stm32.11.3.rel1.win32_1.1.1.202309131626/tools/bin/../lib/gcc/arm-none-eabi/11.3.1/thumb/v7e-m+fp/hard\libgcc.a
LOAD C:/ST/STM32CubeIDE_1.13.2/STM32CubeIDE/plugins/com.st.stm32cube.ide.mcu.externaltools.gnu-tools-for-stm32.11.3.rel1.win32_1.1.1.202309131626/tools/bin/../lib/gcc/arm-none-eabi/11.3.1/../../../../arm-none-eabi/lib/thumb/v7e-m+fp/hard\libc_nano.a
END GROUP
START GROUP
LOAD C:/ST/STM32CubeIDE_1.13.2/STM32CubeIDE/plugins/com.st.stm32cube.ide.mcu.externaltools.gnu-tools-for-stm32.11.3.rel1.win32_1.1.1.202309131626/tools/bin/../lib/gcc/arm-none-eabi/11.3.1/thumb/v7e-m+fp/hard\libgcc.a
LOAD C:/ST/STM32CubeIDE_1.13.2/STM32CubeIDE/plugins/com.st.stm32cube.ide.mcu.externaltools.gnu-tools-for-stm32.11.3.rel1.win32_1.1.1.202309131626/tools/bin/../lib/gcc/arm-none-eabi/11.3.1/../../../../arm-none-eabi/lib/thumb/v7e-m+fp/hard\libc_nano.a
LOAD C:/ST/STM32CubeIDE_1.13.2/STM32CubeIDE/plugins/com.st.stm32cube.ide.mcu.externaltools.gnu-tools-for-stm32.11.3.rel1.win32_1.1.1.202309131626/tools/bin/../lib/gcc/arm-none-eabi/11.3.1/../../../../arm-none-eabi/lib/thumb/v7e-m+fp/hard\libnosys.a
END GROUP
START GROUP
LOAD C:/ST/STM32CubeIDE_1.13.2/STM32CubeIDE/plugins/com.st.stm32cube.ide.mcu.externaltools.gnu-tools-for-stm32.11.3.rel1.win32_1.1.1.202309131626/tools/bin/../lib/gcc/arm-none-eabi/11.3.1/thumb/v7e-m+fp/hard\libgcc.a
LOAD C:/ST/STM32CubeIDE_1.13.2/STM32CubeIDE/plugins/com.st.stm32cube.ide.mcu.externaltools.gnu-tools-for-stm32.11.3.rel1.win32_1.1.1.202309131626/tools/bin/../lib/gcc/arm-none-eabi/11.3.1/../../../../arm-none-eabi/lib/thumb/v7e-m+fp/hard\libc_nano.a
LOAD C:/ST/STM32CubeIDE_1.13.2/STM32CubeIDE/plugins/com.st.stm32cube.ide.mcu.externaltools.gnu-tools-for-stm32.11.3.rel1.win32_1.1.1.202309131626/tools/bin/../lib/gcc/arm-none-eabi/11.3.1/../../../../arm-none-eabi/lib/thumb/v7e-m+fp/hard\libnosys.a
END GROUP
LOAD C:/ST/STM32CubeIDE_1.13.2/STM32CubeIDE/plugins/com.st.stm32cube.ide.mcu.externaltools.gnu-tools-for-stm32.11.3.rel1.win32_1.1.1.202309131626/tools/bin/../lib/gcc/arm-none-eabi/11.3.1/thumb/v7e-m+fp/hard/crtend.o
LOAD C:/ST/STM32CubeIDE_1.13.2/STM32CubeIDE/plugins/com.st.stm32cube.ide.mcu.externaltools.gnu-tools-for-stm32.11.3.rel1.win32_1.1.1.202309131626/tools/bin/../lib/gcc/arm-none-eabi/11.3.1/thumb/v7e-m+fp/hard/crtn.o
                0x0000000020020000                _estack = (ORIGIN (RAM) + LENGTH (RAM))
                0x0000000000000200                _Min_Heap_Size = 0x200
                0x0000000000000400                _Min_Stack_Size = 0x400

.isr_vector     0x0000000008000000      0x198
                0x0000000008000000                . = ALIGN (0x4)
 *(.isr_vector)
 .isr_vector    0x0000000008000000      0x198 ./Core/Startup/startup_stm32f411vetx.o
                0x0000000008000000                g_pfnVectors
                0x0000000008000198                . = ALIGN (0x4)

.text           0x00000000080001a0     0x3008
                0x00000000080001a0                . = ALIGN (0x4)
 *(.text)
 .text          0x00000000080001a0       0x40 C:/ST/STM32CubeIDE_1.13.2/STM32CubeIDE/plugins/com.st.stm32cube.ide.mcu.externaltools.gnu-tools-for-stm32.11.3.rel1.win32_1.1.1.202309131626/tools/bin/../lib/gcc/arm-none-eabi/11.3.1/thumb/v7e-m+fp/hard/crtbegin.o
 .text          0x00000000080001e0       0x14 C:/ST/STM32CubeIDE_1.13.2/STM32CubeIDE/plugins/com.st.stm32cube.ide.mcu.externaltools.gnu-tools-for-stm32.11.3.rel1.win32_1.1.1.202309131626/tools/bin/../lib/gcc/arm-none-eabi/11.3.1/../../../../arm-none-eabi/lib/thumb/v7e-m+fp/hard\libc_nano.a(libc_a-strcmp.o)
                0x00000000080001e0                strcmp
 .text          0x00000000080001f4       0x10 C:/ST/STM32CubeIDE_1.13.2/STM32CubeIDE/plugins/com.st.stm32cube.ide.mcu.externaltools.gnu-tools-for-stm32.11.3.rel1.win32_1.1.1.202309131626/tools/bin/../lib/gcc/arm-none-eabi/11.3.1/../../../../arm-none-eabi/lib/thumb/v7e-m+fp/hard\libc_nano.a(libc_a-strlen.o)
                0x00000000080001f4                strlen
 *fill*         0x0000000008000204        0xc 
 .text          0x0000000008000210       0xa0 C:/ST/STM32CubeIDE_1.13.2/STM32CubeIDE/plugins/com.st.stm32cube.ide.mcu.externaltools.gnu-tools-for-stm32.11.3.rel1.win32_1.1.1.202309131626/tools/bin/../lib/gcc/arm-none-eabi/11.3.1/../../../../arm-none-eabi/lib/thumb/v7e-m+fp/hard\libc_nano.a(libc_a-memchr.o)
                0x0000000008000210                memchr
 *(.text*)
 .text.USART2_init
                0x00000000080002b0       0x68 ./Core/Src/UART.o
                0x00000000080002b0                USART2_init
 .text.USART2_transmit
                0x0000000008000318       0x30 ./Core/Src/UART.o
                0x0000000008000318                USART2_transmit
 .text.USART2_string_transmit
                0x0000000008000348       0x2a ./Core/Src/UART.o
                0x0000000008000348                USART2_string_transmit
 *fill*         0x0000000008000372        0x2 
 .text.beeper_init
                0x0000000008000374       0x28 ./Core/Src/beeper.o
                0x0000000008000374                beeper_init
 .text.beeper_enable
                0x000000000800039c       0x2c ./Core/Src/beeper.o
                0x000000000800039c                beeper_enable
 .text.systick_init_ms
                0x00000000080003c8       0x40 ./Core/Src/delay.o
                0x00000000080003c8                systick_init_ms
 .text.millis   0x0000000008000408       0x2c ./Core/Src/delay.o
                0x0000000008000408                millis
 .text.SysTick_Handler
                0x0000000008000434       0x1c ./Core/Src/delay.o
                0x0000000008000434                SysTick_Handler
 .text.delay    0x0000000008000450       0x28 ./Core/Src/delay.o
                0x0000000008000450                delay
 .text.i2c_init
                0x0000000008000478       0x98 ./Core/Src/i2c.o
                0x0000000008000478                i2c_init
 .text.i2c_write_byte
                0x0000000008000510       0xa8 ./Core/Src/i2c.o
                0x0000000008000510                i2c_write_byte
 .text.i2c_write_multi
                0x00000000080005b8       0xc4 ./Core/Src/i2c.o
                0x00000000080005b8                i2c_write_multi
 .text.init_keypad
                0x000000000800067c       0x80 ./Core/Src/keypad.o
                0x000000000800067c                init_keypad
 .text.check_key
                0x00000000080006fc      0x434 ./Core/Src/keypad.o
                0x00000000080006fc                check_key
 .text.main     0x0000000008000b30       0x6c ./Core/Src/main.o
                0x0000000008000b30                main
 .text.SSD1106_init
                0x0000000008000b9c      0x170 ./Core/Src/oled.o
                0x0000000008000b9c                SSD1106_init
 .text.SSD1106_update_screen
                0x0000000008000d0c       0x5c ./Core/Src/oled.o
                0x0000000008000d0c                SSD1106_update_screen
 .text.SSD1106_fill
                0x0000000008000d68       0x30 ./Core/Src/oled.o
                0x0000000008000d68                SSD1106_fill
 .text.SSD1106_draw_pixel
                0x0000000008000d98       0xa4 ./Core/Src/oled.o
                0x0000000008000d98                SSD1106_draw_pixel
 .text.SSD1106_gotoXY
                0x0000000008000e3c       0x2c ./Core/Src/oled.o
                0x0000000008000e3c                SSD1106_gotoXY
 .text.SSD1106_putc
                0x0000000008000e68      0x100 ./Core/Src/oled.o
                0x0000000008000e68                SSD1106_putc
 .text.SSD1106_puts
                0x0000000008000f68       0x4a ./Core/Src/oled.o
                0x0000000008000f68                SSD1106_puts
 .text.SSD1106_clear_screen
                0x0000000008000fb2       0x12 ./Core/Src/oled.o
                0x0000000008000fb2                SSD1106_clear_screen
 .text.SSD1106_clear_line
                0x0000000008000fc4       0x1c ./Core/Src/oled.o
                0x0000000008000fc4                SSD1106_clear_line
 .text.SSD1106_i2c_init
                0x0000000008000fe0       0x2c ./Core/Src/oled.o
                0x0000000008000fe0                SSD1106_i2c_init
 .text.SSD1106_i2c_write_multi
                0x000000000800100c       0x2c ./Core/Src/oled.o
                0x000000000800100c                SSD1106_i2c_write_multi
 .text.RC522_init
                0x0000000008001038       0x9c ./Core/Src/rfid.o
                0x0000000008001038                RC522_init
 .text.RC522_spi_cs_write
                0x00000000080010d4       0x3c ./Core/Src/rfid.o
                0x00000000080010d4                RC522_spi_cs_write
 .text.RC522_reg_read8
                0x0000000008001110       0x50 ./Core/Src/rfid.o
                0x0000000008001110                RC522_reg_read8
 .text.RC522_reg_write8
                0x0000000008001160       0x42 ./Core/Src/rfid.o
                0x0000000008001160                RC522_reg_write8
 .text.RC522_set_bit
                0x00000000080011a2       0x34 ./Core/Src/rfid.o
                0x00000000080011a2                RC522_set_bit
 .text.RC522_clear_bit
                0x00000000080011d6       0x3c ./Core/Src/rfid.o
                0x00000000080011d6                RC522_clear_bit
 .text.RC522_reset
                0x0000000008001212       0x10 ./Core/Src/rfid.o
                0x0000000008001212                RC522_reset
 .text.RC522_antenna_ON
                0x0000000008001222       0x2a ./Core/Src/rfid.o
                0x0000000008001222                RC522_antenna_ON
 .text.RC522_check_card
                0x000000000800124c       0x36 ./Core/Src/rfid.o
                0x000000000800124c                RC522_check_card
 .text.RC522_request
                0x0000000008001282       0x54 ./Core/Src/rfid.o
                0x0000000008001282                RC522_request
 *fill*         0x00000000080012d6        0x2 
 .text.RC522_to_card
                0x00000000080012d8      0x1bc ./Core/Src/rfid.o
                0x00000000080012d8                RC522_to_card
 .text.RC522_anti_coll
                0x0000000008001494       0x7a ./Core/Src/rfid.o
                0x0000000008001494                RC522_anti_coll
 .text.RC522_halt
                0x000000000800150e       0x36 ./Core/Src/rfid.o
                0x000000000800150e                RC522_halt
 .text.RC522_calculate_CRC
                0x0000000008001544       0x92 ./Core/Src/rfid.o
                0x0000000008001544                RC522_calculate_CRC
 *fill*         0x00000000080015d6        0x2 
 .text.check_access
                0x00000000080015d8      0x4d0 ./Core/Src/security_system_interface.o
                0x00000000080015d8                check_access
 .text.spi_init
                0x0000000008001aa8       0x74 ./Core/Src/spi.o
                0x0000000008001aa8                spi_init
 .text.spi_transmit
                0x0000000008001b1c      0x104 ./Core/Src/spi.o
                0x0000000008001b1c                spi_transmit
 .text.spi_receive
                0x0000000008001c20       0x64 ./Core/Src/spi.o
                0x0000000008001c20                spi_receive
 .text._read    0x0000000008001c84       0x3a ./Core/Src/syscalls.o
                0x0000000008001c84                _read
 .text._write   0x0000000008001cbe       0x38 ./Core/Src/syscalls.o
                0x0000000008001cbe                _write
 .text._close   0x0000000008001cf6       0x18 ./Core/Src/syscalls.o
                0x0000000008001cf6                _close
 .text._fstat   0x0000000008001d0e       0x20 ./Core/Src/syscalls.o
                0x0000000008001d0e                _fstat
 .text._isatty  0x0000000008001d2e       0x16 ./Core/Src/syscalls.o
                0x0000000008001d2e                _isatty
 .text._lseek   0x0000000008001d44       0x1a ./Core/Src/syscalls.o
                0x0000000008001d44                _lseek
 *fill*         0x0000000008001d5e        0x2 
 .text._sbrk    0x0000000008001d60       0x6c ./Core/Src/sysmem.o
                0x0000000008001d60                _sbrk
 .text.SystemInit
                0x0000000008001dcc       0x24 ./Core/Src/system_stm32f4xx.o
                0x0000000008001dcc                SystemInit
 .text.voice_check
                0x0000000008001df0       0x2c ./Core/Src/voice.o
                0x0000000008001df0                voice_check
 .text.Reset_Handler
                0x0000000008001e1c       0x50 ./Core/Startup/startup_stm32f411vetx.o
                0x0000000008001e1c                Reset_Handler
 .text.Default_Handler
                0x0000000008001e6c        0x2 ./Core/Startup/startup_stm32f411vetx.o
                0x0000000008001e6c                RTC_Alarm_IRQHandler
                0x0000000008001e6c                EXTI2_IRQHandler
                0x0000000008001e6c                DebugMon_Handler
                0x0000000008001e6c                SPI4_IRQHandler
                0x0000000008001e6c                TIM1_CC_IRQHandler
                0x0000000008001e6c                DMA2_Stream5_IRQHandler
                0x0000000008001e6c                HardFault_Handler
                0x0000000008001e6c                DMA1_Stream5_IRQHandler
                0x0000000008001e6c                PVD_IRQHandler
                0x0000000008001e6c                SDIO_IRQHandler
                0x0000000008001e6c                TAMP_STAMP_IRQHandler
                0x0000000008001e6c                PendSV_Handler
                0x0000000008001e6c                NMI_Handler
                0x0000000008001e6c                EXTI3_IRQHandler
                0x0000000008001e6c                TIM1_UP_TIM10_IRQHandler
                0x0000000008001e6c                I2C3_ER_IRQHandler
                0x0000000008001e6c                EXTI0_IRQHandler
                0x0000000008001e6c                I2C2_EV_IRQHandler
                0x0000000008001e6c                DMA1_Stream2_IRQHandler
                0x0000000008001e6c                FPU_IRQHandler
                0x0000000008001e6c                UsageFault_Handler
                0x0000000008001e6c                DMA2_Stream2_IRQHandler
                0x0000000008001e6c                SPI1_IRQHandler
                0x0000000008001e6c                TIM1_BRK_TIM9_IRQHandler
                0x0000000008001e6c                DMA2_Stream3_IRQHandler
                0x0000000008001e6c                USART6_IRQHandler
                0x0000000008001e6c                DMA2_Stream0_IRQHandler
                0x0000000008001e6c                TIM4_IRQHandler
                0x0000000008001e6c                I2C1_EV_IRQHandler
                0x0000000008001e6c                DMA1_Stream6_IRQHandler
                0x0000000008001e6c                DMA1_Stream1_IRQHandler
                0x0000000008001e6c                TIM3_IRQHandler
                0x0000000008001e6c                RCC_IRQHandler
                0x0000000008001e6c                Default_Handler
                0x0000000008001e6c                EXTI15_10_IRQHandler
                0x0000000008001e6c                ADC_IRQHandler
                0x0000000008001e6c                DMA1_Stream7_IRQHandler
                0x0000000008001e6c                SPI5_IRQHandler
                0x0000000008001e6c                TIM5_IRQHandler
                0x0000000008001e6c                DMA2_Stream7_IRQHandler
                0x0000000008001e6c                I2C3_EV_IRQHandler
                0x0000000008001e6c                EXTI9_5_IRQHandler
                0x0000000008001e6c                RTC_WKUP_IRQHandler
                0x0000000008001e6c                SPI2_IRQHandler
                0x0000000008001e6c                MemManage_Handler
                0x0000000008001e6c                DMA1_Stream0_IRQHandler
                0x0000000008001e6c                SVC_Handler
                0x0000000008001e6c                EXTI4_IRQHandler
                0x0000000008001e6c                WWDG_IRQHandler
                0x0000000008001e6c                TIM2_IRQHandler
                0x0000000008001e6c                OTG_FS_WKUP_IRQHandler
                0x0000000008001e6c                TIM1_TRG_COM_TIM11_IRQHandler
                0x0000000008001e6c                EXTI1_IRQHandler
                0x0000000008001e6c                USART2_IRQHandler
                0x0000000008001e6c                I2C2_ER_IRQHandler
                0x0000000008001e6c                DMA2_Stream1_IRQHandler
                0x0000000008001e6c                FLASH_IRQHandler
                0x0000000008001e6c                DMA2_Stream4_IRQHandler
                0x0000000008001e6c                BusFault_Handler
                0x0000000008001e6c                USART1_IRQHandler
                0x0000000008001e6c                OTG_FS_IRQHandler
                0x0000000008001e6c                SPI3_IRQHandler
                0x0000000008001e6c                DMA1_Stream4_IRQHandler
                0x0000000008001e6c                I2C1_ER_IRQHandler
                0x0000000008001e6c                DMA2_Stream6_IRQHandler
                0x0000000008001e6c                DMA1_Stream3_IRQHandler
 *fill*         0x0000000008001e6e        0x2 
 .text.std      0x0000000008001e70       0x6c C:/ST/STM32CubeIDE_1.13.2/STM32CubeIDE/plugins/com.st.stm32cube.ide.mcu.externaltools.gnu-tools-for-stm32.11.3.rel1.win32_1.1.1.202309131626/tools/bin/../lib/gcc/arm-none-eabi/11.3.1/../../../../arm-none-eabi/lib/thumb/v7e-m+fp/hard\libc_nano.a(libc_a-findfp.o)
 .text.stdio_exit_handler
                0x0000000008001edc       0x18 C:/ST/STM32CubeIDE_1.13.2/STM32CubeIDE/plugins/com.st.stm32cube.ide.mcu.externaltools.gnu-tools-for-stm32.11.3.rel1.win32_1.1.1.202309131626/tools/bin/../lib/gcc/arm-none-eabi/11.3.1/../../../../arm-none-eabi/lib/thumb/v7e-m+fp/hard\libc_nano.a(libc_a-findfp.o)
 .text.cleanup_stdio
                0x0000000008001ef4       0x40 C:/ST/STM32CubeIDE_1.13.2/STM32CubeIDE/plugins/com.st.stm32cube.ide.mcu.externaltools.gnu-tools-for-stm32.11.3.rel1.win32_1.1.1.202309131626/tools/bin/../lib/gcc/arm-none-eabi/11.3.1/../../../../arm-none-eabi/lib/thumb/v7e-m+fp/hard\libc_nano.a(libc_a-findfp.o)
 .text.global_stdio_init.part.0
                0x0000000008001f34       0x3c C:/ST/STM32CubeIDE_1.13.2/STM32CubeIDE/plugins/com.st.stm32cube.ide.mcu.externaltools.gnu-tools-for-stm32.11.3.rel1.win32_1.1.1.202309131626/tools/bin/../lib/gcc/arm-none-eabi/11.3.1/../../../../arm-none-eabi/lib/thumb/v7e-m+fp/hard\libc_nano.a(libc_a-findfp.o)
 .text.__sfp_lock_acquire
                0x0000000008001f70        0xc C:/ST/STM32CubeIDE_1.13.2/STM32CubeIDE/plugins/com.st.stm32cube.ide.mcu.externaltools.gnu-tools-for-stm32.11.3.rel1.win32_1.1.1.202309131626/tools/bin/../lib/gcc/arm-none-eabi/11.3.1/../../../../arm-none-eabi/lib/thumb/v7e-m+fp/hard\libc_nano.a(libc_a-findfp.o)
                0x0000000008001f70                __sfp_lock_acquire
 .text.__sfp_lock_release
                0x0000000008001f7c        0xc C:/ST/STM32CubeIDE_1.13.2/STM32CubeIDE/plugins/com.st.stm32cube.ide.mcu.externaltools.gnu-tools-for-stm32.11.3.rel1.win32_1.1.1.202309131626/tools/bin/../lib/gcc/arm-none-eabi/11.3.1/../../../../arm-none-eabi/lib/thumb/v7e-m+fp/hard\libc_nano.a(libc_a-findfp.o)
                0x0000000008001f7c                __sfp_lock_release
 .text.__sinit  0x0000000008001f88       0x30 C:/ST/STM32CubeIDE_1.13.2/STM32CubeIDE/plugins/com.st.stm32cube.ide.mcu.externaltools.gnu-tools-for-stm32.11.3.rel1.win32_1.1.1.202309131626/tools/bin/../lib/gcc/arm-none-eabi/11.3.1/../../../../arm-none-eabi/lib/thumb/v7e-m+fp/hard\libc_nano.a(libc_a-findfp.o)
                0x0000000008001f88                __sinit
 .text._fwalk_sglue
                0x0000000008001fb8       0x3c C:/ST/STM32CubeIDE_1.13.2/STM32CubeIDE/plugins/com.st.stm32cube.ide.mcu.externaltools.gnu-tools-for-stm32.11.3.rel1.win32_1.1.1.202309131626/tools/bin/../lib/gcc/arm-none-eabi/11.3.1/../../../../arm-none-eabi/lib/thumb/v7e-m+fp/hard\libc_nano.a(libc_a-fwalk.o)
                0x0000000008001fb8                _fwalk_sglue
 .text.printf   0x0000000008001ff4       0x24 C:/ST/STM32CubeIDE_1.13.2/STM32CubeIDE/plugins/com.st.stm32cube.ide.mcu.externaltools.gnu-tools-for-stm32.11.3.rel1.win32_1.1.1.202309131626/tools/bin/../lib/gcc/arm-none-eabi/11.3.1/../../../../arm-none-eabi/lib/thumb/v7e-m+fp/hard\libc_nano.a(libc_a-printf.o)
                0x0000000008001ff4                iprintf
                0x0000000008001ff4                printf
 .text._puts_r  0x0000000008002018       0xa8 C:/ST/STM32CubeIDE_1.13.2/STM32CubeIDE/plugins/com.st.stm32cube.ide.mcu.externaltools.gnu-tools-for-stm32.11.3.rel1.win32_1.1.1.202309131626/tools/bin/../lib/gcc/arm-none-eabi/11.3.1/../../../../arm-none-eabi/lib/thumb/v7e-m+fp/hard\libc_nano.a(libc_a-puts.o)
                0x0000000008002018                _puts_r
 .text.puts     0x00000000080020c0       0x10 C:/ST/STM32CubeIDE_1.13.2/STM32CubeIDE/plugins/com.st.stm32cube.ide.mcu.externaltools.gnu-tools-for-stm32.11.3.rel1.win32_1.1.1.202309131626/tools/bin/../lib/gcc/arm-none-eabi/11.3.1/../../../../arm-none-eabi/lib/thumb/v7e-m+fp/hard\libc_nano.a(libc_a-puts.o)
                0x00000000080020c0                puts
 .text.sprintf  0x00000000080020d0       0x40 C:/ST/STM32CubeIDE_1.13.2/STM32CubeIDE/plugins/com.st.stm32cube.ide.mcu.externaltools.gnu-tools-for-stm32.11.3.rel1.win32_1.1.1.202309131626/tools/bin/../lib/gcc/arm-none-eabi/11.3.1/../../../../arm-none-eabi/lib/thumb/v7e-m+fp/hard\libc_nano.a(libc_a-sprintf.o)
                0x00000000080020d0                siprintf
                0x00000000080020d0                sprintf
 .text.__sread  0x0000000008002110       0x22 C:/ST/STM32CubeIDE_1.13.2/STM32CubeIDE/plugins/com.st.stm32cube.ide.mcu.externaltools.gnu-tools-for-stm32.11.3.rel1.win32_1.1.1.202309131626/tools/bin/../lib/gcc/arm-none-eabi/11.3.1/../../../../arm-none-eabi/lib/thumb/v7e-m+fp/hard\libc_nano.a(libc_a-stdio.o)
                0x0000000008002110                __sread
 .text.__swrite
                0x0000000008002132       0x38 C:/ST/STM32CubeIDE_1.13.2/STM32CubeIDE/plugins/com.st.stm32cube.ide.mcu.externaltools.gnu-tools-for-stm32.11.3.rel1.win32_1.1.1.202309131626/tools/bin/../lib/gcc/arm-none-eabi/11.3.1/../../../../arm-none-eabi/lib/thumb/v7e-m+fp/hard\libc_nano.a(libc_a-stdio.o)
                0x0000000008002132                __swrite
 .text.__sseek  0x000000000800216a       0x24 C:/ST/STM32CubeIDE_1.13.2/STM32CubeIDE/plugins/com.st.stm32cube.ide.mcu.externaltools.gnu-tools-for-stm32.11.3.rel1.win32_1.1.1.202309131626/tools/bin/../lib/gcc/arm-none-eabi/11.3.1/../../../../arm-none-eabi/lib/thumb/v7e-m+fp/hard\libc_nano.a(libc_a-stdio.o)
                0x000000000800216a                __sseek
 .text.__sclose
                0x000000000800218e        0x8 C:/ST/STM32CubeIDE_1.13.2/STM32CubeIDE/plugins/com.st.stm32cube.ide.mcu.externaltools.gnu-tools-for-stm32.11.3.rel1.win32_1.1.1.202309131626/tools/bin/../lib/gcc/arm-none-eabi/11.3.1/../../../../arm-none-eabi/lib/thumb/v7e-m+fp/hard\libc_nano.a(libc_a-stdio.o)
                0x000000000800218e                __sclose
 .text.__swbuf_r
                0x0000000008002196       0x7a C:/ST/STM32CubeIDE_1.13.2/STM32CubeIDE/plugins/com.st.stm32cube.ide.mcu.externaltools.gnu-tools-for-stm32.11.3.rel1.win32_1.1.1.202309131626/tools/bin/../lib/gcc/arm-none-eabi/11.3.1/../../../../arm-none-eabi/lib/thumb/v7e-m+fp/hard\libc_nano.a(libc_a-wbuf.o)
                0x0000000008002196                __swbuf_r
 .text.__swsetup_r
                0x0000000008002210       0xb0 C:/ST/STM32CubeIDE_1.13.2/STM32CubeIDE/plugins/com.st.stm32cube.ide.mcu.externaltools.gnu-tools-for-stm32.11.3.rel1.win32_1.1.1.202309131626/tools/bin/../lib/gcc/arm-none-eabi/11.3.1/../../../../arm-none-eabi/lib/thumb/v7e-m+fp/hard\libc_nano.a(libc_a-wsetup.o)
                0x0000000008002210                __swsetup_r
 .text.memset   0x00000000080022c0       0x10 C:/ST/STM32CubeIDE_1.13.2/STM32CubeIDE/plugins/com.st.stm32cube.ide.mcu.externaltools.gnu-tools-for-stm32.11.3.rel1.win32_1.1.1.202309131626/tools/bin/../lib/gcc/arm-none-eabi/11.3.1/../../../../arm-none-eabi/lib/thumb/v7e-m+fp/hard\libc_nano.a(libc_a-memset.o)
                0x00000000080022c0                memset
 .text.strdup   0x00000000080022d0       0x10 C:/ST/STM32CubeIDE_1.13.2/STM32CubeIDE/plugins/com.st.stm32cube.ide.mcu.externaltools.gnu-tools-for-stm32.11.3.rel1.win32_1.1.1.202309131626/tools/bin/../lib/gcc/arm-none-eabi/11.3.1/../../../../arm-none-eabi/lib/thumb/v7e-m+fp/hard\libc_nano.a(libc_a-strdup.o)
                0x00000000080022d0                strdup
 .text._strdup_r
                0x00000000080022e0       0x2a C:/ST/STM32CubeIDE_1.13.2/STM32CubeIDE/plugins/com.st.stm32cube.ide.mcu.externaltools.gnu-tools-for-stm32.11.3.rel1.win32_1.1.1.202309131626/tools/bin/../lib/gcc/arm-none-eabi/11.3.1/../../../../arm-none-eabi/lib/thumb/v7e-m+fp/hard\libc_nano.a(libc_a-strdup_r.o)
                0x00000000080022e0                _strdup_r
 *fill*         0x000000000800230a        0x2 
 .text._close_r
                0x000000000800230c       0x20 C:/ST/STM32CubeIDE_1.13.2/STM32CubeIDE/plugins/com.st.stm32cube.ide.mcu.externaltools.gnu-tools-for-stm32.11.3.rel1.win32_1.1.1.202309131626/tools/bin/../lib/gcc/arm-none-eabi/11.3.1/../../../../arm-none-eabi/lib/thumb/v7e-m+fp/hard\libc_nano.a(libc_a-closer.o)
                0x000000000800230c                _close_r
 .text._lseek_r
                0x000000000800232c       0x24 C:/ST/STM32CubeIDE_1.13.2/STM32CubeIDE/plugins/com.st.stm32cube.ide.mcu.externaltools.gnu-tools-for-stm32.11.3.rel1.win32_1.1.1.202309131626/tools/bin/../lib/gcc/arm-none-eabi/11.3.1/../../../../arm-none-eabi/lib/thumb/v7e-m+fp/hard\libc_nano.a(libc_a-lseekr.o)
                0x000000000800232c                _lseek_r
 .text._read_r  0x0000000008002350       0x24 C:/ST/STM32CubeIDE_1.13.2/STM32CubeIDE/plugins/com.st.stm32cube.ide.mcu.externaltools.gnu-tools-for-stm32.11.3.rel1.win32_1.1.1.202309131626/tools/bin/../lib/gcc/arm-none-eabi/11.3.1/../../../../arm-none-eabi/lib/thumb/v7e-m+fp/hard\libc_nano.a(libc_a-readr.o)
                0x0000000008002350                _read_r
 .text._write_r
                0x0000000008002374       0x24 C:/ST/STM32CubeIDE_1.13.2/STM32CubeIDE/plugins/com.st.stm32cube.ide.mcu.externaltools.gnu-tools-for-stm32.11.3.rel1.win32_1.1.1.202309131626/tools/bin/../lib/gcc/arm-none-eabi/11.3.1/../../../../arm-none-eabi/lib/thumb/v7e-m+fp/hard\libc_nano.a(libc_a-writer.o)
                0x0000000008002374                _write_r
 .text.__errno  0x0000000008002398        0xc C:/ST/STM32CubeIDE_1.13.2/STM32CubeIDE/plugins/com.st.stm32cube.ide.mcu.externaltools.gnu-tools-for-stm32.11.3.rel1.win32_1.1.1.202309131626/tools/bin/../lib/gcc/arm-none-eabi/11.3.1/../../../../arm-none-eabi/lib/thumb/v7e-m+fp/hard\libc_nano.a(libc_a-errno.o)
                0x0000000008002398                __errno
 .text.__libc_init_array
                0x00000000080023a4       0x48 C:/ST/STM32CubeIDE_1.13.2/STM32CubeIDE/plugins/com.st.stm32cube.ide.mcu.externaltools.gnu-tools-for-stm32.11.3.rel1.win32_1.1.1.202309131626/tools/bin/../lib/gcc/arm-none-eabi/11.3.1/../../../../arm-none-eabi/lib/thumb/v7e-m+fp/hard\libc_nano.a(libc_a-init.o)
                0x00000000080023a4                __libc_init_array
 .text.__retarget_lock_init_recursive
                0x00000000080023ec        0x2 C:/ST/STM32CubeIDE_1.13.2/STM32CubeIDE/plugins/com.st.stm32cube.ide.mcu.externaltools.gnu-tools-for-stm32.11.3.rel1.win32_1.1.1.202309131626/tools/bin/../lib/gcc/arm-none-eabi/11.3.1/../../../../arm-none-eabi/lib/thumb/v7e-m+fp/hard\libc_nano.a(libc_a-lock.o)
                0x00000000080023ec                __retarget_lock_init_recursive
 .text.__retarget_lock_acquire_recursive
                0x00000000080023ee        0x2 C:/ST/STM32CubeIDE_1.13.2/STM32CubeIDE/plugins/com.st.stm32cube.ide.mcu.externaltools.gnu-tools-for-stm32.11.3.rel1.win32_1.1.1.202309131626/tools/bin/../lib/gcc/arm-none-eabi/11.3.1/../../../../arm-none-eabi/lib/thumb/v7e-m+fp/hard\libc_nano.a(libc_a-lock.o)
                0x00000000080023ee                __retarget_lock_acquire_recursive
 .text.__retarget_lock_release_recursive
                0x00000000080023f0        0x2 C:/ST/STM32CubeIDE_1.13.2/STM32CubeIDE/plugins/com.st.stm32cube.ide.mcu.externaltools.gnu-tools-for-stm32.11.3.rel1.win32_1.1.1.202309131626/tools/bin/../lib/gcc/arm-none-eabi/11.3.1/../../../../arm-none-eabi/lib/thumb/v7e-m+fp/hard\libc_nano.a(libc_a-lock.o)
                0x00000000080023f0                __retarget_lock_release_recursive
 .text.strcpy   0x00000000080023f2       0x10 C:/ST/STM32CubeIDE_1.13.2/STM32CubeIDE/plugins/com.st.stm32cube.ide.mcu.externaltools.gnu-tools-for-stm32.11.3.rel1.win32_1.1.1.202309131626/tools/bin/../lib/gcc/arm-none-eabi/11.3.1/../../../../arm-none-eabi/lib/thumb/v7e-m+fp/hard\libc_nano.a(libc_a-strcpy.o)
                0x00000000080023f2                strcpy
 .text.memcpy   0x0000000008002402       0x1c C:/ST/STM32CubeIDE_1.13.2/STM32CubeIDE/plugins/com.st.stm32cube.ide.mcu.externaltools.gnu-tools-for-stm32.11.3.rel1.win32_1.1.1.202309131626/tools/bin/../lib/gcc/arm-none-eabi/11.3.1/../../../../arm-none-eabi/lib/thumb/v7e-m+fp/hard\libc_nano.a(libc_a-memcpy-stub.o)
                0x0000000008002402                memcpy
 *fill*         0x000000000800241e        0x2 
 .text._free_r  0x0000000008002420       0x98 C:/ST/STM32CubeIDE_1.13.2/STM32CubeIDE/plugins/com.st.stm32cube.ide.mcu.externaltools.gnu-tools-for-stm32.11.3.rel1.win32_1.1.1.202309131626/tools/bin/../lib/gcc/arm-none-eabi/11.3.1/../../../../arm-none-eabi/lib/thumb/v7e-m+fp/hard\libc_nano.a(libc_a-freer.o)
                0x0000000008002420                _free_r
 .text.sbrk_aligned
                0x00000000080024b8       0x40 C:/ST/STM32CubeIDE_1.13.2/STM32CubeIDE/plugins/com.st.stm32cube.ide.mcu.externaltools.gnu-tools-for-stm32.11.3.rel1.win32_1.1.1.202309131626/tools/bin/../lib/gcc/arm-none-eabi/11.3.1/../../../../arm-none-eabi/lib/thumb/v7e-m+fp/hard\libc_nano.a(libc_a-mallocr.o)
 .text._malloc_r
                0x00000000080024f8      0x100 C:/ST/STM32CubeIDE_1.13.2/STM32CubeIDE/plugins/com.st.stm32cube.ide.mcu.externaltools.gnu-tools-for-stm32.11.3.rel1.win32_1.1.1.202309131626/tools/bin/../lib/gcc/arm-none-eabi/11.3.1/../../../../arm-none-eabi/lib/thumb/v7e-m+fp/hard\libc_nano.a(libc_a-mallocr.o)
                0x00000000080024f8                _malloc_r
 .text.__malloc_lock
                0x00000000080025f8        0xc C:/ST/STM32CubeIDE_1.13.2/STM32CubeIDE/plugins/com.st.stm32cube.ide.mcu.externaltools.gnu-tools-for-stm32.11.3.rel1.win32_1.1.1.202309131626/tools/bin/../lib/gcc/arm-none-eabi/11.3.1/../../../../arm-none-eabi/lib/thumb/v7e-m+fp/hard\libc_nano.a(libc_a-mlock.o)
                0x00000000080025f8                __malloc_lock
 .text.__malloc_unlock
                0x0000000008002604        0xc C:/ST/STM32CubeIDE_1.13.2/STM32CubeIDE/plugins/com.st.stm32cube.ide.mcu.externaltools.gnu-tools-for-stm32.11.3.rel1.win32_1.1.1.202309131626/tools/bin/../lib/gcc/arm-none-eabi/11.3.1/../../../../arm-none-eabi/lib/thumb/v7e-m+fp/hard\libc_nano.a(libc_a-mlock.o)
                0x0000000008002604                __malloc_unlock
 .text.__ssputs_r
                0x0000000008002610       0xb4 C:/ST/STM32CubeIDE_1.13.2/STM32CubeIDE/plugins/com.st.stm32cube.ide.mcu.externaltools.gnu-tools-for-stm32.11.3.rel1.win32_1.1.1.202309131626/tools/bin/../lib/gcc/arm-none-eabi/11.3.1/../../../../arm-none-eabi/lib/thumb/v7e-m+fp/hard\libc_nano.a(libc_a-nano-svfprintf.o)
                0x0000000008002610                __ssputs_r
 .text._svfprintf_r
                0x00000000080026c4      0x1fc C:/ST/STM32CubeIDE_1.13.2/STM32CubeIDE/plugins/com.st.stm32cube.ide.mcu.externaltools.gnu-tools-for-stm32.11.3.rel1.win32_1.1.1.202309131626/tools/bin/../lib/gcc/arm-none-eabi/11.3.1/../../../../arm-none-eabi/lib/thumb/v7e-m+fp/hard\libc_nano.a(libc_a-nano-svfprintf.o)
                0x00000000080026c4                _svfiprintf_r
                0x00000000080026c4                _svfprintf_r
 .text.__sfputc_r
                0x00000000080028c0       0x2e C:/ST/STM32CubeIDE_1.13.2/STM32CubeIDE/plugins/com.st.stm32cube.ide.mcu.externaltools.gnu-tools-for-stm32.11.3.rel1.win32_1.1.1.202309131626/tools/bin/../lib/gcc/arm-none-eabi/11.3.1/../../../../arm-none-eabi/lib/thumb/v7e-m+fp/hard\libc_nano.a(libc_a-nano-vfprintf.o)
 .text.__sfputs_r
                0x00000000080028ee       0x24 C:/ST/STM32CubeIDE_1.13.2/STM32CubeIDE/plugins/com.st.stm32cube.ide.mcu.externaltools.gnu-tools-for-stm32.11.3.rel1.win32_1.1.1.202309131626/tools/bin/../lib/gcc/arm-none-eabi/11.3.1/../../../../arm-none-eabi/lib/thumb/v7e-m+fp/hard\libc_nano.a(libc_a-nano-vfprintf.o)
                0x00000000080028ee                __sfputs_r
 *fill*         0x0000000008002912        0x2 
 .text._vfprintf_r
                0x0000000008002914      0x234 C:/ST/STM32CubeIDE_1.13.2/STM32CubeIDE/plugins/com.st.stm32cube.ide.mcu.externaltools.gnu-tools-for-stm32.11.3.rel1.win32_1.1.1.202309131626/tools/bin/../lib/gcc/arm-none-eabi/11.3.1/../../../../arm-none-eabi/lib/thumb/v7e-m+fp/hard\libc_nano.a(libc_a-nano-vfprintf.o)
                0x0000000008002914                _vfprintf_r
                0x0000000008002914                _vfiprintf_r
 .text._printf_common
                0x0000000008002b48       0xda C:/ST/STM32CubeIDE_1.13.2/STM32CubeIDE/plugins/com.st.stm32cube.ide.mcu.externaltools.gnu-tools-for-stm32.11.3.rel1.win32_1.1.1.202309131626/tools/bin/../lib/gcc/arm-none-eabi/11.3.1/../../../../arm-none-eabi/lib/thumb/v7e-m+fp/hard\libc_nano.a(libc_a-nano-vfprintf_i.o)
                0x0000000008002b48                _printf_common
 *fill*         0x0000000008002c22        0x2 
 .text._printf_i
                0x0000000008002c24      0x244 C:/ST/STM32CubeIDE_1.13.2/STM32CubeIDE/plugins/com.st.stm32cube.ide.mcu.externaltools.gnu-tools-for-stm32.11.3.rel1.win32_1.1.1.202309131626/tools/bin/../lib/gcc/arm-none-eabi/11.3.1/../../../../arm-none-eabi/lib/thumb/v7e-m+fp/hard\libc_nano.a(libc_a-nano-vfprintf_i.o)
                0x0000000008002c24                _printf_i
 .text.__sflush_r
                0x0000000008002e68      0x10c C:/ST/STM32CubeIDE_1.13.2/STM32CubeIDE/plugins/com.st.stm32cube.ide.mcu.externaltools.gnu-tools-for-stm32.11.3.rel1.win32_1.1.1.202309131626/tools/bin/../lib/gcc/arm-none-eabi/11.3.1/../../../../arm-none-eabi/lib/thumb/v7e-m+fp/hard\libc_nano.a(libc_a-fflush.o)
                0x0000000008002e68                __sflush_r
 .text._fflush_r
                0x0000000008002f74       0x50 C:/ST/STM32CubeIDE_1.13.2/STM32CubeIDE/plugins/com.st.stm32cube.ide.mcu.externaltools.gnu-tools-for-stm32.11.3.rel1.win32_1.1.1.202309131626/tools/bin/../lib/gcc/arm-none-eabi/11.3.1/../../../../arm-none-eabi/lib/thumb/v7e-m+fp/hard\libc_nano.a(libc_a-fflush.o)
                0x0000000008002f74                _fflush_r
 .text.__swhatbuf_r
                0x0000000008002fc4       0x4c C:/ST/STM32CubeIDE_1.13.2/STM32CubeIDE/plugins/com.st.stm32cube.ide.mcu.externaltools.gnu-tools-for-stm32.11.3.rel1.win32_1.1.1.202309131626/tools/bin/../lib/gcc/arm-none-eabi/11.3.1/../../../../arm-none-eabi/lib/thumb/v7e-m+fp/hard\libc_nano.a(libc_a-makebuf.o)
                0x0000000008002fc4                __swhatbuf_r
 .text.__smakebuf_r
                0x0000000008003010       0x78 C:/ST/STM32CubeIDE_1.13.2/STM32CubeIDE/plugins/com.st.stm32cube.ide.mcu.externaltools.gnu-tools-for-stm32.11.3.rel1.win32_1.1.1.202309131626/tools/bin/../lib/gcc/arm-none-eabi/11.3.1/../../../../arm-none-eabi/lib/thumb/v7e-m+fp/hard\libc_nano.a(libc_a-makebuf.o)
                0x0000000008003010                __smakebuf_r
 .text.memmove  0x0000000008003088       0x34 C:/ST/STM32CubeIDE_1.13.2/STM32CubeIDE/plugins/com.st.stm32cube.ide.mcu.externaltools.gnu-tools-for-stm32.11.3.rel1.win32_1.1.1.202309131626/tools/bin/../lib/gcc/arm-none-eabi/11.3.1/../../../../arm-none-eabi/lib/thumb/v7e-m+fp/hard\libc_nano.a(libc_a-memmove.o)
                0x0000000008003088                memmove
 .text._fstat_r
                0x00000000080030bc       0x24 C:/ST/STM32CubeIDE_1.13.2/STM32CubeIDE/plugins/com.st.stm32cube.ide.mcu.externaltools.gnu-tools-for-stm32.11.3.rel1.win32_1.1.1.202309131626/tools/bin/../lib/gcc/arm-none-eabi/11.3.1/../../../../arm-none-eabi/lib/thumb/v7e-m+fp/hard\libc_nano.a(libc_a-fstatr.o)
                0x00000000080030bc                _fstat_r
 .text._isatty_r
                0x00000000080030e0       0x20 C:/ST/STM32CubeIDE_1.13.2/STM32CubeIDE/plugins/com.st.stm32cube.ide.mcu.externaltools.gnu-tools-for-stm32.11.3.rel1.win32_1.1.1.202309131626/tools/bin/../lib/gcc/arm-none-eabi/11.3.1/../../../../arm-none-eabi/lib/thumb/v7e-m+fp/hard\libc_nano.a(libc_a-isattyr.o)
                0x00000000080030e0                _isatty_r
 .text._sbrk_r  0x0000000008003100       0x20 C:/ST/STM32CubeIDE_1.13.2/STM32CubeIDE/plugins/com.st.stm32cube.ide.mcu.externaltools.gnu-tools-for-stm32.11.3.rel1.win32_1.1.1.202309131626/tools/bin/../lib/gcc/arm-none-eabi/11.3.1/../../../../arm-none-eabi/lib/thumb/v7e-m+fp/hard\libc_nano.a(libc_a-sbrkr.o)
                0x0000000008003100                _sbrk_r
 .text._realloc_r
                0x0000000008003120       0x5e C:/ST/STM32CubeIDE_1.13.2/STM32CubeIDE/plugins/com.st.stm32cube.ide.mcu.externaltools.gnu-tools-for-stm32.11.3.rel1.win32_1.1.1.202309131626/tools/bin/../lib/gcc/arm-none-eabi/11.3.1/../../../../arm-none-eabi/lib/thumb/v7e-m+fp/hard\libc_nano.a(libc_a-reallocr.o)
                0x0000000008003120                _realloc_r
 .text._malloc_usable_size_r
                0x000000000800317e       0x10 C:/ST/STM32CubeIDE_1.13.2/STM32CubeIDE/plugins/com.st.stm32cube.ide.mcu.externaltools.gnu-tools-for-stm32.11.3.rel1.win32_1.1.1.202309131626/tools/bin/../lib/gcc/arm-none-eabi/11.3.1/../../../../arm-none-eabi/lib/thumb/v7e-m+fp/hard\libc_nano.a(libc_a-msizer.o)
                0x000000000800317e                _malloc_usable_size_r
 *(.glue_7)
 .glue_7        0x000000000800318e        0x0 linker stubs
 *(.glue_7t)
 .glue_7t       0x000000000800318e        0x0 linker stubs
 *(.eh_frame)
 *fill*         0x000000000800318e        0x2 
 .eh_frame      0x0000000008003190        0x0 C:/ST/STM32CubeIDE_1.13.2/STM32CubeIDE/plugins/com.st.stm32cube.ide.mcu.externaltools.gnu-tools-for-stm32.11.3.rel1.win32_1.1.1.202309131626/tools/bin/../lib/gcc/arm-none-eabi/11.3.1/thumb/v7e-m+fp/hard/crtbegin.o
 *(.init)
 .init          0x0000000008003190        0x4 C:/ST/STM32CubeIDE_1.13.2/STM32CubeIDE/plugins/com.st.stm32cube.ide.mcu.externaltools.gnu-tools-for-stm32.11.3.rel1.win32_1.1.1.202309131626/tools/bin/../lib/gcc/arm-none-eabi/11.3.1/thumb/v7e-m+fp/hard/crti.o
                0x0000000008003190                _init
 .init          0x0000000008003194        0x8 C:/ST/STM32CubeIDE_1.13.2/STM32CubeIDE/plugins/com.st.stm32cube.ide.mcu.externaltools.gnu-tools-for-stm32.11.3.rel1.win32_1.1.1.202309131626/tools/bin/../lib/gcc/arm-none-eabi/11.3.1/thumb/v7e-m+fp/hard/crtn.o
 *(.fini)
 .fini          0x000000000800319c        0x4 C:/ST/STM32CubeIDE_1.13.2/STM32CubeIDE/plugins/com.st.stm32cube.ide.mcu.externaltools.gnu-tools-for-stm32.11.3.rel1.win32_1.1.1.202309131626/tools/bin/../lib/gcc/arm-none-eabi/11.3.1/thumb/v7e-m+fp/hard/crti.o
                0x000000000800319c                _fini
 .fini          0x00000000080031a0        0x8 C:/ST/STM32CubeIDE_1.13.2/STM32CubeIDE/plugins/com.st.stm32cube.ide.mcu.externaltools.gnu-tools-for-stm32.11.3.rel1.win32_1.1.1.202309131626/tools/bin/../lib/gcc/arm-none-eabi/11.3.1/thumb/v7e-m+fp/hard/crtn.o
                0x00000000080031a8                . = ALIGN (0x4)
                0x00000000080031a8                _etext = .

.vfp11_veneer   0x00000000080031a8        0x0
 .vfp11_veneer  0x00000000080031a8        0x0 linker stubs

.v4_bx          0x00000000080031a8        0x0
 .v4_bx         0x00000000080031a8        0x0 linker stubs

.iplt           0x00000000080031a8        0x0
 .iplt          0x00000000080031a8        0x0 C:/ST/STM32CubeIDE_1.13.2/STM32CubeIDE/plugins/com.st.stm32cube.ide.mcu.externaltools.gnu-tools-for-stm32.11.3.rel1.win32_1.1.1.202309131626/tools/bin/../lib/gcc/arm-none-eabi/11.3.1/thumb/v7e-m+fp/hard/crtbegin.o

.rodata         0x00000000080031a8      0xaac
                0x00000000080031a8                . = ALIGN (0x4)
 *(.rodata)
 .rodata        0x00000000080031a8       0x2b ./Core/Src/keypad.o
 *fill*         0x00000000080031d3        0x1 
 .rodata        0x00000000080031d4       0x24 ./Core/Src/main.o
 .rodata        0x00000000080031f8       0x13 ./Core/Src/oled.o
 *fill*         0x000000000800320b        0x1 
 .rodata        0x000000000800320c       0x13 ./Core/Src/rfid.o
 *fill*         0x000000000800321f        0x1 
 .rodata        0x0000000008003220      0x253 ./Core/Src/security_system_interface.o
 *fill*         0x0000000008003473        0x1 
 .rodata        0x0000000008003474       0x40 ./Core/Src/spi.o
 *(.rodata*)
 .rodata.Font7x10
                0x00000000080034b4      0x76c ./Core/Src/fonts.o
                0x00000000080034b4                Font7x10
 .rodata._svfprintf_r.str1.1
                0x0000000008003c20       0x11 C:/ST/STM32CubeIDE_1.13.2/STM32CubeIDE/plugins/com.st.stm32cube.ide.mcu.externaltools.gnu-tools-for-stm32.11.3.rel1.win32_1.1.1.202309131626/tools/bin/../lib/gcc/arm-none-eabi/11.3.1/../../../../arm-none-eabi/lib/thumb/v7e-m+fp/hard\libc_nano.a(libc_a-nano-svfprintf.o)
 .rodata._vfprintf_r.str1.1
                0x0000000008003c31       0x11 C:/ST/STM32CubeIDE_1.13.2/STM32CubeIDE/plugins/com.st.stm32cube.ide.mcu.externaltools.gnu-tools-for-stm32.11.3.rel1.win32_1.1.1.202309131626/tools/bin/../lib/gcc/arm-none-eabi/11.3.1/../../../../arm-none-eabi/lib/thumb/v7e-m+fp/hard\libc_nano.a(libc_a-nano-vfprintf.o)
 .rodata._printf_i.str1.1
                0x0000000008003c31       0x22 C:/ST/STM32CubeIDE_1.13.2/STM32CubeIDE/plugins/com.st.stm32cube.ide.mcu.externaltools.gnu-tools-for-stm32.11.3.rel1.win32_1.1.1.202309131626/tools/bin/../lib/gcc/arm-none-eabi/11.3.1/../../../../arm-none-eabi/lib/thumb/v7e-m+fp/hard\libc_nano.a(libc_a-nano-vfprintf_i.o)
                0x0000000008003c54                . = ALIGN (0x4)
 *fill*         0x0000000008003c53        0x1 

.rel.dyn        0x0000000008003c54        0x0
 .rel.iplt      0x0000000008003c54        0x0 C:/ST/STM32CubeIDE_1.13.2/STM32CubeIDE/plugins/com.st.stm32cube.ide.mcu.externaltools.gnu-tools-for-stm32.11.3.rel1.win32_1.1.1.202309131626/tools/bin/../lib/gcc/arm-none-eabi/11.3.1/thumb/v7e-m+fp/hard/crtbegin.o

.ARM.extab      0x0000000008003c54        0x0
                0x0000000008003c54                . = ALIGN (0x4)
 *(.ARM.extab* .gnu.linkonce.armextab.*)
                0x0000000008003c54                . = ALIGN (0x4)

.ARM            0x0000000008003c54        0x0
                0x0000000008003c54                . = ALIGN (0x4)
                0x0000000008003c54                __exidx_start = .
 *(.ARM.exidx*)
                0x0000000008003c54                __exidx_end = .
                0x0000000008003c54                . = ALIGN (0x4)

.preinit_array  0x0000000008003c54        0x0
                0x0000000008003c54                . = ALIGN (0x4)
                0x0000000008003c54                PROVIDE (__preinit_array_start = .)
 *(.preinit_array*)
                0x0000000008003c54                PROVIDE (__preinit_array_end = .)
                0x0000000008003c54                . = ALIGN (0x4)

.init_array     0x0000000008003c54        0x4
                0x0000000008003c54                . = ALIGN (0x4)
                0x0000000008003c54                PROVIDE (__init_array_start = .)
 *(SORT_BY_NAME(.init_array.*))
 *(.init_array*)
 .init_array    0x0000000008003c54        0x4 C:/ST/STM32CubeIDE_1.13.2/STM32CubeIDE/plugins/com.st.stm32cube.ide.mcu.externaltools.gnu-tools-for-stm32.11.3.rel1.win32_1.1.1.202309131626/tools/bin/../lib/gcc/arm-none-eabi/11.3.1/thumb/v7e-m+fp/hard/crtbegin.o
                0x0000000008003c58                PROVIDE (__init_array_end = .)
                0x0000000008003c58                . = ALIGN (0x4)

.fini_array     0x0000000008003c58        0x4
                0x0000000008003c58                . = ALIGN (0x4)
                [!provide]                        PROVIDE (__fini_array_start = .)
 *(SORT_BY_NAME(.fini_array.*))
 *(.fini_array*)
 .fini_array    0x0000000008003c58        0x4 C:/ST/STM32CubeIDE_1.13.2/STM32CubeIDE/plugins/com.st.stm32cube.ide.mcu.externaltools.gnu-tools-for-stm32.11.3.rel1.win32_1.1.1.202309131626/tools/bin/../lib/gcc/arm-none-eabi/11.3.1/thumb/v7e-m+fp/hard/crtbegin.o
                [!provide]                        PROVIDE (__fini_array_end = .)
                0x0000000008003c5c                . = ALIGN (0x4)
                0x0000000008003c5c                _sidata = LOADADDR (.data)

.data           0x0000000020000000       0xa4 load address 0x0000000008003c5c
                0x0000000020000000                . = ALIGN (0x4)
                0x0000000020000000                _sdata = .
 *(.data)
 *(.data*)
 .data.Font_7x10
                0x0000000020000000        0x8 ./Core/Src/fonts.o
                0x0000000020000000                Font_7x10
 .data.RCC_Base_Addr
                0x0000000020000008        0x4 ./Core/Src/keypad.o
                0x0000000020000008                RCC_Base_Addr
 .data.GPIOModer
                0x000000002000000c        0x4 ./Core/Src/keypad.o
                0x000000002000000c                GPIOModer
 .data.GPIOOutput
                0x0000000020000010        0x4 ./Core/Src/keypad.o
                0x0000000020000010                GPIOOutput
 .data.GPIOIntput
                0x0000000020000014        0x4 ./Core/Src/keypad.o
                0x0000000020000014                GPIOIntput
 .data.GPIOPullup
                0x0000000020000018        0x4 ./Core/Src/keypad.o
                0x0000000020000018                GPIOPullup
 .data.GPIOOspeed
                0x000000002000001c        0x4 ./Core/Src/keypad.o
                0x000000002000001c                GPIOOspeed
 .data.uid_1    0x0000000020000020        0xa ./Core/Src/security_system_interface.o
                0x0000000020000020                uid_1
 *fill*         0x000000002000002a        0x2 
 .data.uid_2    0x000000002000002c        0xa ./Core/Src/security_system_interface.o
                0x000000002000002c                uid_2
 .data.add_tag  0x0000000020000036        0x1 ./Core/Src/security_system_interface.o
                0x0000000020000036                add_tag
 *fill*         0x0000000020000037        0x1 
 .data.admin_password
                0x0000000020000038        0x5 ./Core/Src/security_system_interface.o
                0x0000000020000038                admin_password
 *fill*         0x000000002000003d        0x3 
 .data.security_password
                0x0000000020000040        0x5 ./Core/Src/security_system_interface.o
                0x0000000020000040                security_password
 *fill*         0x0000000020000045        0x3 
 .data.__sglue  0x0000000020000048        0xc C:/ST/STM32CubeIDE_1.13.2/STM32CubeIDE/plugins/com.st.stm32cube.ide.mcu.externaltools.gnu-tools-for-stm32.11.3.rel1.win32_1.1.1.202309131626/tools/bin/../lib/gcc/arm-none-eabi/11.3.1/../../../../arm-none-eabi/lib/thumb/v7e-m+fp/hard\libc_nano.a(libc_a-findfp.o)
                0x0000000020000048                __sglue
 .data._impure_data
                0x0000000020000054       0x4c C:/ST/STM32CubeIDE_1.13.2/STM32CubeIDE/plugins/com.st.stm32cube.ide.mcu.externaltools.gnu-tools-for-stm32.11.3.rel1.win32_1.1.1.202309131626/tools/bin/../lib/gcc/arm-none-eabi/11.3.1/../../../../arm-none-eabi/lib/thumb/v7e-m+fp/hard\libc_nano.a(libc_a-impure.o)
                0x0000000020000054                _impure_data
 .data._impure_ptr
                0x00000000200000a0        0x4 C:/ST/STM32CubeIDE_1.13.2/STM32CubeIDE/plugins/com.st.stm32cube.ide.mcu.externaltools.gnu-tools-for-stm32.11.3.rel1.win32_1.1.1.202309131626/tools/bin/../lib/gcc/arm-none-eabi/11.3.1/../../../../arm-none-eabi/lib/thumb/v7e-m+fp/hard\libc_nano.a(libc_a-impure.o)
                0x00000000200000a0                _impure_ptr
 *(.RamFunc)
 *(.RamFunc*)
                0x00000000200000a4                . = ALIGN (0x4)
                0x00000000200000a4                _edata = .

.igot.plt       0x00000000200000a4        0x0 load address 0x0000000008003d00
 .igot.plt      0x00000000200000a4        0x0 C:/ST/STM32CubeIDE_1.13.2/STM32CubeIDE/plugins/com.st.stm32cube.ide.mcu.externaltools.gnu-tools-for-stm32.11.3.rel1.win32_1.1.1.202309131626/tools/bin/../lib/gcc/arm-none-eabi/11.3.1/thumb/v7e-m+fp/hard/crtbegin.o
                0x00000000200000a4                . = ALIGN (0x4)

.bss            0x00000000200000a4      0x610 load address 0x0000000008003d00
                0x00000000200000a4                _sbss = .
                0x00000000200000a4                __bss_start__ = _sbss
 *(.bss)
 .bss           0x00000000200000a4       0x1c C:/ST/STM32CubeIDE_1.13.2/STM32CubeIDE/plugins/com.st.stm32cube.ide.mcu.externaltools.gnu-tools-for-stm32.11.3.rel1.win32_1.1.1.202309131626/tools/bin/../lib/gcc/arm-none-eabi/11.3.1/thumb/v7e-m+fp/hard/crtbegin.o
 *(.bss*)
 .bss.ms        0x00000000200000c0        0x4 ./Core/Src/delay.o
                0x00000000200000c0                ms
 .bss.rms       0x00000000200000c4        0x4 ./Core/Src/delay.o
                0x00000000200000c4                rms
 .bss.buttonState
                0x00000000200000c8        0x9 ./Core/Src/keypad.o
                0x00000000200000c8                buttonState
 *fill*         0x00000000200000d1        0x3 
 .bss.key_data  0x00000000200000d4       0x32 ./Core/Src/keypad.o
                0x00000000200000d4                key_data
 *fill*         0x0000000020000106        0x2 
 .bss.SSD1106_Buffer
                0x0000000020000108      0x400 ./Core/Src/oled.o
 .bss.SSD1106   0x0000000020000508        0x6 ./Core/Src/oled.o
 *fill*         0x000000002000050e        0x2 
 .bss.rfid_id   0x0000000020000510        0x4 ./Core/Src/security_system_interface.o
                0x0000000020000510                rfid_id
 .bss.myTags    0x0000000020000514        0x8 ./Core/Src/security_system_interface.o
                0x0000000020000514                myTags
 .bss.uid_3     0x000000002000051c        0xa ./Core/Src/security_system_interface.o
                0x000000002000051c                uid_3
 *fill*         0x0000000020000526        0x2 
 .bss.uid_4     0x0000000020000528        0xa ./Core/Src/security_system_interface.o
                0x0000000020000528                uid_4
 *fill*         0x0000000020000532        0x2 
 .bss.received_string
                0x0000000020000534       0x14 ./Core/Src/security_system_interface.o
                0x0000000020000534                received_string
 .bss.i         0x0000000020000548        0x4 ./Core/Src/security_system_interface.o
                0x0000000020000548                i
 .bss.tagindex  0x000000002000054c        0x1 ./Core/Src/security_system_interface.o
                0x000000002000054c                tagindex
 *fill*         0x000000002000054d        0x3 
 .bss.buffer    0x0000000020000550       0x14 ./Core/Src/security_system_interface.o
                0x0000000020000550                buffer
 .bss.__sbrk_heap_end
                0x0000000020000564        0x4 ./Core/Src/sysmem.o
 .bss.__sf      0x0000000020000568      0x138 C:/ST/STM32CubeIDE_1.13.2/STM32CubeIDE/plugins/com.st.stm32cube.ide.mcu.externaltools.gnu-tools-for-stm32.11.3.rel1.win32_1.1.1.202309131626/tools/bin/../lib/gcc/arm-none-eabi/11.3.1/../../../../arm-none-eabi/lib/thumb/v7e-m+fp/hard\libc_nano.a(libc_a-findfp.o)
                0x0000000020000568                __sf
 .bss.__stdio_exit_handler
                0x00000000200006a0        0x4 C:/ST/STM32CubeIDE_1.13.2/STM32CubeIDE/plugins/com.st.stm32cube.ide.mcu.externaltools.gnu-tools-for-stm32.11.3.rel1.win32_1.1.1.202309131626/tools/bin/../lib/gcc/arm-none-eabi/11.3.1/../../../../arm-none-eabi/lib/thumb/v7e-m+fp/hard\libc_nano.a(libc_a-findfp.o)
                0x00000000200006a0                __stdio_exit_handler
 .bss.errno     0x00000000200006a4        0x4 C:/ST/STM32CubeIDE_1.13.2/STM32CubeIDE/plugins/com.st.stm32cube.ide.mcu.externaltools.gnu-tools-for-stm32.11.3.rel1.win32_1.1.1.202309131626/tools/bin/../lib/gcc/arm-none-eabi/11.3.1/../../../../arm-none-eabi/lib/thumb/v7e-m+fp/hard\libc_nano.a(libc_a-reent.o)
                0x00000000200006a4                errno
 .bss.__lock___malloc_recursive_mutex
                0x00000000200006a8        0x1 C:/ST/STM32CubeIDE_1.13.2/STM32CubeIDE/plugins/com.st.stm32cube.ide.mcu.externaltools.gnu-tools-for-stm32.11.3.rel1.win32_1.1.1.202309131626/tools/bin/../lib/gcc/arm-none-eabi/11.3.1/../../../../arm-none-eabi/lib/thumb/v7e-m+fp/hard\libc_nano.a(libc_a-lock.o)
                0x00000000200006a8                __lock___malloc_recursive_mutex
 .bss.__lock___sfp_recursive_mutex
                0x00000000200006a9        0x1 C:/ST/STM32CubeIDE_1.13.2/STM32CubeIDE/plugins/com.st.stm32cube.ide.mcu.externaltools.gnu-tools-for-stm32.11.3.rel1.win32_1.1.1.202309131626/tools/bin/../lib/gcc/arm-none-eabi/11.3.1/../../../../arm-none-eabi/lib/thumb/v7e-m+fp/hard\libc_nano.a(libc_a-lock.o)
                0x00000000200006a9                __lock___sfp_recursive_mutex
 *fill*         0x00000000200006aa        0x2 
 .bss.__malloc_free_list
                0x00000000200006ac        0x4 C:/ST/STM32CubeIDE_1.13.2/STM32CubeIDE/plugins/com.st.stm32cube.ide.mcu.externaltools.gnu-tools-for-stm32.11.3.rel1.win32_1.1.1.202309131626/tools/bin/../lib/gcc/arm-none-eabi/11.3.1/../../../../arm-none-eabi/lib/thumb/v7e-m+fp/hard\libc_nano.a(libc_a-mallocr.o)
                0x00000000200006ac                __malloc_free_list
 .bss.__malloc_sbrk_start
                0x00000000200006b0        0x4 C:/ST/STM32CubeIDE_1.13.2/STM32CubeIDE/plugins/com.st.stm32cube.ide.mcu.externaltools.gnu-tools-for-stm32.11.3.rel1.win32_1.1.1.202309131626/tools/bin/../lib/gcc/arm-none-eabi/11.3.1/../../../../arm-none-eabi/lib/thumb/v7e-m+fp/hard\libc_nano.a(libc_a-mallocr.o)
                0x00000000200006b0                __malloc_sbrk_start
 *(COMMON)
                0x00000000200006b4                . = ALIGN (0x4)
                0x00000000200006b4                _ebss = .
                0x00000000200006b4                __bss_end__ = _ebss

._user_heap_stack
                0x00000000200006b4      0x604 load address 0x0000000008003d00
                0x00000000200006b8                . = ALIGN (0x8)
 *fill*         0x00000000200006b4        0x4 
                [!provide]                        PROVIDE (end = .)
                0x00000000200006b8                PROVIDE (_end = .)
                0x00000000200008b8                . = (. + _Min_Heap_Size)
 *fill*         0x00000000200006b8      0x200 
                0x0000000020000cb8                . = (. + _Min_Stack_Size)
 *fill*         0x00000000200008b8      0x400 
                0x0000000020000cb8                . = ALIGN (0x8)

/DISCARD/
 libc.a(*)
 libm.a(*)
 libgcc.a(*)

.ARM.attributes
                0x0000000000000000       0x30
 *(.ARM.attributes)
 .ARM.attributes
                0x0000000000000000       0x1e C:/ST/STM32CubeIDE_1.13.2/STM32CubeIDE/plugins/com.st.stm32cube.ide.mcu.externaltools.gnu-tools-for-stm32.11.3.rel1.win32_1.1.1.202309131626/tools/bin/../lib/gcc/arm-none-eabi/11.3.1/thumb/v7e-m+fp/hard/crti.o
 .ARM.attributes
                0x000000000000001e       0x34 C:/ST/STM32CubeIDE_1.13.2/STM32CubeIDE/plugins/com.st.stm32cube.ide.mcu.externaltools.gnu-tools-for-stm32.11.3.rel1.win32_1.1.1.202309131626/tools/bin/../lib/gcc/arm-none-eabi/11.3.1/thumb/v7e-m+fp/hard/crtbegin.o
 .ARM.attributes
                0x0000000000000052       0x34 ./Core/Src/UART.o
 .ARM.attributes
                0x0000000000000086       0x34 ./Core/Src/beeper.o
 .ARM.attributes
                0x00000000000000ba       0x34 ./Core/Src/delay.o
 .ARM.attributes
                0x00000000000000ee       0x34 ./Core/Src/fonts.o
 .ARM.attributes
                0x0000000000000122       0x34 ./Core/Src/i2c.o
 .ARM.attributes
                0x0000000000000156       0x34 ./Core/Src/keypad.o
 .ARM.attributes
                0x000000000000018a       0x34 ./Core/Src/main.o
 .ARM.attributes
                0x00000000000001be       0x34 ./Core/Src/oled.o
 .ARM.attributes
                0x00000000000001f2       0x34 ./Core/Src/rfid.o
 .ARM.attributes
                0x0000000000000226       0x34 ./Core/Src/security_system_interface.o
 .ARM.attributes
                0x000000000000025a       0x34 ./Core/Src/spi.o
 .ARM.attributes
                0x000000000000028e       0x34 ./Core/Src/syscalls.o
 .ARM.attributes
                0x00000000000002c2       0x34 ./Core/Src/sysmem.o
 .ARM.attributes
                0x00000000000002f6       0x34 ./Core/Src/system_stm32f4xx.o
 .ARM.attributes
                0x000000000000032a       0x34 ./Core/Src/voice.o
 .ARM.attributes
                0x000000000000035e       0x21 ./Core/Startup/startup_stm32f411vetx.o
 .ARM.attributes
                0x000000000000037f       0x34 C:/ST/STM32CubeIDE_1.13.2/STM32CubeIDE/plugins/com.st.stm32cube.ide.mcu.externaltools.gnu-tools-for-stm32.11.3.rel1.win32_1.1.1.202309131626/tools/bin/../lib/gcc/arm-none-eabi/11.3.1/../../../../arm-none-eabi/lib/thumb/v7e-m+fp/hard\libc_nano.a(libc_a-findfp.o)
 .ARM.attributes
                0x00000000000003b3       0x34 C:/ST/STM32CubeIDE_1.13.2/STM32CubeIDE/plugins/com.st.stm32cube.ide.mcu.externaltools.gnu-tools-for-stm32.11.3.rel1.win32_1.1.1.202309131626/tools/bin/../lib/gcc/arm-none-eabi/11.3.1/../../../../arm-none-eabi/lib/thumb/v7e-m+fp/hard\libc_nano.a(libc_a-fwalk.o)
 .ARM.attributes
                0x00000000000003e7       0x34 C:/ST/STM32CubeIDE_1.13.2/STM32CubeIDE/plugins/com.st.stm32cube.ide.mcu.externaltools.gnu-tools-for-stm32.11.3.rel1.win32_1.1.1.202309131626/tools/bin/../lib/gcc/arm-none-eabi/11.3.1/../../../../arm-none-eabi/lib/thumb/v7e-m+fp/hard\libc_nano.a(libc_a-printf.o)
 .ARM.attributes
                0x000000000000041b       0x34 C:/ST/STM32CubeIDE_1.13.2/STM32CubeIDE/plugins/com.st.stm32cube.ide.mcu.externaltools.gnu-tools-for-stm32.11.3.rel1.win32_1.1.1.202309131626/tools/bin/../lib/gcc/arm-none-eabi/11.3.1/../../../../arm-none-eabi/lib/thumb/v7e-m+fp/hard\libc_nano.a(libc_a-puts.o)
 .ARM.attributes
                0x000000000000044f       0x34 C:/ST/STM32CubeIDE_1.13.2/STM32CubeIDE/plugins/com.st.stm32cube.ide.mcu.externaltools.gnu-tools-for-stm32.11.3.rel1.win32_1.1.1.202309131626/tools/bin/../lib/gcc/arm-none-eabi/11.3.1/../../../../arm-none-eabi/lib/thumb/v7e-m+fp/hard\libc_nano.a(libc_a-sprintf.o)
 .ARM.attributes
                0x0000000000000483       0x34 C:/ST/STM32CubeIDE_1.13.2/STM32CubeIDE/plugins/com.st.stm32cube.ide.mcu.externaltools.gnu-tools-for-stm32.11.3.rel1.win32_1.1.1.202309131626/tools/bin/../lib/gcc/arm-none-eabi/11.3.1/../../../../arm-none-eabi/lib/thumb/v7e-m+fp/hard\libc_nano.a(libc_a-stdio.o)
 .ARM.attributes
                0x00000000000004b7       0x34 C:/ST/STM32CubeIDE_1.13.2/STM32CubeIDE/plugins/com.st.stm32cube.ide.mcu.externaltools.gnu-tools-for-stm32.11.3.rel1.win32_1.1.1.202309131626/tools/bin/../lib/gcc/arm-none-eabi/11.3.1/../../../../arm-none-eabi/lib/thumb/v7e-m+fp/hard\libc_nano.a(libc_a-wbuf.o)
 .ARM.attributes
                0x00000000000004eb       0x34 C:/ST/STM32CubeIDE_1.13.2/STM32CubeIDE/plugins/com.st.stm32cube.ide.mcu.externaltools.gnu-tools-for-stm32.11.3.rel1.win32_1.1.1.202309131626/tools/bin/../lib/gcc/arm-none-eabi/11.3.1/../../../../arm-none-eabi/lib/thumb/v7e-m+fp/hard\libc_nano.a(libc_a-wsetup.o)
 .ARM.attributes
                0x000000000000051f       0x34 C:/ST/STM32CubeIDE_1.13.2/STM32CubeIDE/plugins/com.st.stm32cube.ide.mcu.externaltools.gnu-tools-for-stm32.11.3.rel1.win32_1.1.1.202309131626/tools/bin/../lib/gcc/arm-none-eabi/11.3.1/../../../../arm-none-eabi/lib/thumb/v7e-m+fp/hard\libc_nano.a(libc_a-memset.o)
 .ARM.attributes
                0x0000000000000553       0x34 C:/ST/STM32CubeIDE_1.13.2/STM32CubeIDE/plugins/com.st.stm32cube.ide.mcu.externaltools.gnu-tools-for-stm32.11.3.rel1.win32_1.1.1.202309131626/tools/bin/../lib/gcc/arm-none-eabi/11.3.1/../../../../arm-none-eabi/lib/thumb/v7e-m+fp/hard\libc_nano.a(libc_a-strdup.o)
 .ARM.attributes
                0x0000000000000587       0x34 C:/ST/STM32CubeIDE_1.13.2/STM32CubeIDE/plugins/com.st.stm32cube.ide.mcu.externaltools.gnu-tools-for-stm32.11.3.rel1.win32_1.1.1.202309131626/tools/bin/../lib/gcc/arm-none-eabi/11.3.1/../../../../arm-none-eabi/lib/thumb/v7e-m+fp/hard\libc_nano.a(libc_a-strdup_r.o)
 .ARM.attributes
                0x00000000000005bb       0x34 C:/ST/STM32CubeIDE_1.13.2/STM32CubeIDE/plugins/com.st.stm32cube.ide.mcu.externaltools.gnu-tools-for-stm32.11.3.rel1.win32_1.1.1.202309131626/tools/bin/../lib/gcc/arm-none-eabi/11.3.1/../../../../arm-none-eabi/lib/thumb/v7e-m+fp/hard\libc_nano.a(libc_a-closer.o)
 .ARM.attributes
                0x00000000000005ef       0x34 C:/ST/STM32CubeIDE_1.13.2/STM32CubeIDE/plugins/com.st.stm32cube.ide.mcu.externaltools.gnu-tools-for-stm32.11.3.rel1.win32_1.1.1.202309131626/tools/bin/../lib/gcc/arm-none-eabi/11.3.1/../../../../arm-none-eabi/lib/thumb/v7e-m+fp/hard\libc_nano.a(libc_a-reent.o)
 .ARM.attributes
                0x0000000000000623       0x34 C:/ST/STM32CubeIDE_1.13.2/STM32CubeIDE/plugins/com.st.stm32cube.ide.mcu.externaltools.gnu-tools-for-stm32.11.3.rel1.win32_1.1.1.202309131626/tools/bin/../lib/gcc/arm-none-eabi/11.3.1/../../../../arm-none-eabi/lib/thumb/v7e-m+fp/hard\libc_nano.a(libc_a-impure.o)
 .ARM.attributes
                0x0000000000000657       0x34 C:/ST/STM32CubeIDE_1.13.2/STM32CubeIDE/plugins/com.st.stm32cube.ide.mcu.externaltools.gnu-tools-for-stm32.11.3.rel1.win32_1.1.1.202309131626/tools/bin/../lib/gcc/arm-none-eabi/11.3.1/../../../../arm-none-eabi/lib/thumb/v7e-m+fp/hard\libc_nano.a(libc_a-lseekr.o)
 .ARM.attributes
                0x000000000000068b       0x34 C:/ST/STM32CubeIDE_1.13.2/STM32CubeIDE/plugins/com.st.stm32cube.ide.mcu.externaltools.gnu-tools-for-stm32.11.3.rel1.win32_1.1.1.202309131626/tools/bin/../lib/gcc/arm-none-eabi/11.3.1/../../../../arm-none-eabi/lib/thumb/v7e-m+fp/hard\libc_nano.a(libc_a-readr.o)
 .ARM.attributes
                0x00000000000006bf       0x34 C:/ST/STM32CubeIDE_1.13.2/STM32CubeIDE/plugins/com.st.stm32cube.ide.mcu.externaltools.gnu-tools-for-stm32.11.3.rel1.win32_1.1.1.202309131626/tools/bin/../lib/gcc/arm-none-eabi/11.3.1/../../../../arm-none-eabi/lib/thumb/v7e-m+fp/hard\libc_nano.a(libc_a-writer.o)
 .ARM.attributes
                0x00000000000006f3       0x34 C:/ST/STM32CubeIDE_1.13.2/STM32CubeIDE/plugins/com.st.stm32cube.ide.mcu.externaltools.gnu-tools-for-stm32.11.3.rel1.win32_1.1.1.202309131626/tools/bin/../lib/gcc/arm-none-eabi/11.3.1/../../../../arm-none-eabi/lib/thumb/v7e-m+fp/hard\libc_nano.a(libc_a-errno.o)
 .ARM.attributes
                0x0000000000000727       0x34 C:/ST/STM32CubeIDE_1.13.2/STM32CubeIDE/plugins/com.st.stm32cube.ide.mcu.externaltools.gnu-tools-for-stm32.11.3.rel1.win32_1.1.1.202309131626/tools/bin/../lib/gcc/arm-none-eabi/11.3.1/../../../../arm-none-eabi/lib/thumb/v7e-m+fp/hard\libc_nano.a(libc_a-init.o)
 .ARM.attributes
                0x000000000000075b       0x34 C:/ST/STM32CubeIDE_1.13.2/STM32CubeIDE/plugins/com.st.stm32cube.ide.mcu.externaltools.gnu-tools-for-stm32.11.3.rel1.win32_1.1.1.202309131626/tools/bin/../lib/gcc/arm-none-eabi/11.3.1/../../../../arm-none-eabi/lib/thumb/v7e-m+fp/hard\libc_nano.a(libc_a-lock.o)
 .ARM.attributes
                0x000000000000078f       0x1c C:/ST/STM32CubeIDE_1.13.2/STM32CubeIDE/plugins/com.st.stm32cube.ide.mcu.externaltools.gnu-tools-for-stm32.11.3.rel1.win32_1.1.1.202309131626/tools/bin/../lib/gcc/arm-none-eabi/11.3.1/../../../../arm-none-eabi/lib/thumb/v7e-m+fp/hard\libc_nano.a(libc_a-strcmp.o)
 .ARM.attributes
                0x00000000000007ab       0x34 C:/ST/STM32CubeIDE_1.13.2/STM32CubeIDE/plugins/com.st.stm32cube.ide.mcu.externaltools.gnu-tools-for-stm32.11.3.rel1.win32_1.1.1.202309131626/tools/bin/../lib/gcc/arm-none-eabi/11.3.1/../../../../arm-none-eabi/lib/thumb/v7e-m+fp/hard\libc_nano.a(libc_a-strcpy.o)
 .ARM.attributes
                0x00000000000007df       0x34 C:/ST/STM32CubeIDE_1.13.2/STM32CubeIDE/plugins/com.st.stm32cube.ide.mcu.externaltools.gnu-tools-for-stm32.11.3.rel1.win32_1.1.1.202309131626/tools/bin/../lib/gcc/arm-none-eabi/11.3.1/../../../../arm-none-eabi/lib/thumb/v7e-m+fp/hard\libc_nano.a(libc_a-memcpy-stub.o)
 .ARM.attributes
                0x0000000000000813       0x17 C:/ST/STM32CubeIDE_1.13.2/STM32CubeIDE/plugins/com.st.stm32cube.ide.mcu.externaltools.gnu-tools-for-stm32.11.3.rel1.win32_1.1.1.202309131626/tools/bin/../lib/gcc/arm-none-eabi/11.3.1/../../../../arm-none-eabi/lib/thumb/v7e-m+fp/hard\libc_nano.a(libc_a-strlen.o)
 .ARM.attributes
                0x000000000000082a       0x34 C:/ST/STM32CubeIDE_1.13.2/STM32CubeIDE/plugins/com.st.stm32cube.ide.mcu.externaltools.gnu-tools-for-stm32.11.3.rel1.win32_1.1.1.202309131626/tools/bin/../lib/gcc/arm-none-eabi/11.3.1/../../../../arm-none-eabi/lib/thumb/v7e-m+fp/hard\libc_nano.a(libc_a-freer.o)
 .ARM.attributes
                0x000000000000085e       0x34 C:/ST/STM32CubeIDE_1.13.2/STM32CubeIDE/plugins/com.st.stm32cube.ide.mcu.externaltools.gnu-tools-for-stm32.11.3.rel1.win32_1.1.1.202309131626/tools/bin/../lib/gcc/arm-none-eabi/11.3.1/../../../../arm-none-eabi/lib/thumb/v7e-m+fp/hard\libc_nano.a(libc_a-mallocr.o)
 .ARM.attributes
                0x0000000000000892       0x34 C:/ST/STM32CubeIDE_1.13.2/STM32CubeIDE/plugins/com.st.stm32cube.ide.mcu.externaltools.gnu-tools-for-stm32.11.3.rel1.win32_1.1.1.202309131626/tools/bin/../lib/gcc/arm-none-eabi/11.3.1/../../../../arm-none-eabi/lib/thumb/v7e-m+fp/hard\libc_nano.a(libc_a-mlock.o)
 .ARM.attributes
                0x00000000000008c6       0x34 C:/ST/STM32CubeIDE_1.13.2/STM32CubeIDE/plugins/com.st.stm32cube.ide.mcu.externaltools.gnu-tools-for-stm32.11.3.rel1.win32_1.1.1.202309131626/tools/bin/../lib/gcc/arm-none-eabi/11.3.1/../../../../arm-none-eabi/lib/thumb/v7e-m+fp/hard\libc_nano.a(libc_a-nano-svfprintf.o)
 .ARM.attributes
                0x00000000000008fa       0x34 C:/ST/STM32CubeIDE_1.13.2/STM32CubeIDE/plugins/com.st.stm32cube.ide.mcu.externaltools.gnu-tools-for-stm32.11.3.rel1.win32_1.1.1.202309131626/tools/bin/../lib/gcc/arm-none-eabi/11.3.1/../../../../arm-none-eabi/lib/thumb/v7e-m+fp/hard\libc_nano.a(libc_a-nano-vfprintf.o)
 .ARM.attributes
                0x000000000000092e       0x34 C:/ST/STM32CubeIDE_1.13.2/STM32CubeIDE/plugins/com.st.stm32cube.ide.mcu.externaltools.gnu-tools-for-stm32.11.3.rel1.win32_1.1.1.202309131626/tools/bin/../lib/gcc/arm-none-eabi/11.3.1/../../../../arm-none-eabi/lib/thumb/v7e-m+fp/hard\libc_nano.a(libc_a-nano-vfprintf_i.o)
 .ARM.attributes
                0x0000000000000962       0x34 C:/ST/STM32CubeIDE_1.13.2/STM32CubeIDE/plugins/com.st.stm32cube.ide.mcu.externaltools.gnu-tools-for-stm32.11.3.rel1.win32_1.1.1.202309131626/tools/bin/../lib/gcc/arm-none-eabi/11.3.1/../../../../arm-none-eabi/lib/thumb/v7e-m+fp/hard\libc_nano.a(libc_a-fflush.o)
 .ARM.attributes
                0x0000000000000996       0x34 C:/ST/STM32CubeIDE_1.13.2/STM32CubeIDE/plugins/com.st.stm32cube.ide.mcu.externaltools.gnu-tools-for-stm32.11.3.rel1.win32_1.1.1.202309131626/tools/bin/../lib/gcc/arm-none-eabi/11.3.1/../../../../arm-none-eabi/lib/thumb/v7e-m+fp/hard\libc_nano.a(libc_a-makebuf.o)
 .ARM.attributes
                0x00000000000009ca       0x34 C:/ST/STM32CubeIDE_1.13.2/STM32CubeIDE/plugins/com.st.stm32cube.ide.mcu.externaltools.gnu-tools-for-stm32.11.3.rel1.win32_1.1.1.202309131626/tools/bin/../lib/gcc/arm-none-eabi/11.3.1/../../../../arm-none-eabi/lib/thumb/v7e-m+fp/hard\libc_nano.a(libc_a-memmove.o)
 .ARM.attributes
                0x00000000000009fe       0x34 C:/ST/STM32CubeIDE_1.13.2/STM32CubeIDE/plugins/com.st.stm32cube.ide.mcu.externaltools.gnu-tools-for-stm32.11.3.rel1.win32_1.1.1.202309131626/tools/bin/../lib/gcc/arm-none-eabi/11.3.1/../../../../arm-none-eabi/lib/thumb/v7e-m+fp/hard\libc_nano.a(libc_a-fstatr.o)
 .ARM.attributes
                0x0000000000000a32       0x34 C:/ST/STM32CubeIDE_1.13.2/STM32CubeIDE/plugins/com.st.stm32cube.ide.mcu.externaltools.gnu-tools-for-stm32.11.3.rel1.win32_1.1.1.202309131626/tools/bin/../lib/gcc/arm-none-eabi/11.3.1/../../../../arm-none-eabi/lib/thumb/v7e-m+fp/hard\libc_nano.a(libc_a-isattyr.o)
 .ARM.attributes
                0x0000000000000a66       0x34 C:/ST/STM32CubeIDE_1.13.2/STM32CubeIDE/plugins/com.st.stm32cube.ide.mcu.externaltools.gnu-tools-for-stm32.11.3.rel1.win32_1.1.1.202309131626/tools/bin/../lib/gcc/arm-none-eabi/11.3.1/../../../../arm-none-eabi/lib/thumb/v7e-m+fp/hard\libc_nano.a(libc_a-sbrkr.o)
 .ARM.attributes
                0x0000000000000a9a       0x1c C:/ST/STM32CubeIDE_1.13.2/STM32CubeIDE/plugins/com.st.stm32cube.ide.mcu.externaltools.gnu-tools-for-stm32.11.3.rel1.win32_1.1.1.202309131626/tools/bin/../lib/gcc/arm-none-eabi/11.3.1/../../../../arm-none-eabi/lib/thumb/v7e-m+fp/hard\libc_nano.a(libc_a-memchr.o)
 .ARM.attributes
                0x0000000000000ab6       0x34 C:/ST/STM32CubeIDE_1.13.2/STM32CubeIDE/plugins/com.st.stm32cube.ide.mcu.externaltools.gnu-tools-for-stm32.11.3.rel1.win32_1.1.1.202309131626/tools/bin/../lib/gcc/arm-none-eabi/11.3.1/../../../../arm-none-eabi/lib/thumb/v7e-m+fp/hard\libc_nano.a(libc_a-reallocr.o)
 .ARM.attributes
                0x0000000000000aea       0x34 C:/ST/STM32CubeIDE_1.13.2/STM32CubeIDE/plugins/com.st.stm32cube.ide.mcu.externaltools.gnu-tools-for-stm32.11.3.rel1.win32_1.1.1.202309131626/tools/bin/../lib/gcc/arm-none-eabi/11.3.1/../../../../arm-none-eabi/lib/thumb/v7e-m+fp/hard\libc_nano.a(libc_a-msizer.o)
 .ARM.attributes
                0x0000000000000b1e       0x1e C:/ST/STM32CubeIDE_1.13.2/STM32CubeIDE/plugins/com.st.stm32cube.ide.mcu.externaltools.gnu-tools-for-stm32.11.3.rel1.win32_1.1.1.202309131626/tools/bin/../lib/gcc/arm-none-eabi/11.3.1/thumb/v7e-m+fp/hard/crtn.o
OUTPUT(RFID Reader.elf elf32-littlearm)
LOAD linker stubs
LOAD C:/ST/STM32CubeIDE_1.13.2/STM32CubeIDE/plugins/com.st.stm32cube.ide.mcu.externaltools.gnu-tools-for-stm32.11.3.rel1.win32_1.1.1.202309131626/tools/bin/../lib/gcc/arm-none-eabi/11.3.1/../../../../arm-none-eabi/lib/thumb/v7e-m+fp/hard\libc.a
LOAD C:/ST/STM32CubeIDE_1.13.2/STM32CubeIDE/plugins/com.st.stm32cube.ide.mcu.externaltools.gnu-tools-for-stm32.11.3.rel1.win32_1.1.1.202309131626/tools/bin/../lib/gcc/arm-none-eabi/11.3.1/../../../../arm-none-eabi/lib/thumb/v7e-m+fp/hard\libm.a
LOAD C:/ST/STM32CubeIDE_1.13.2/STM32CubeIDE/plugins/com.st.stm32cube.ide.mcu.externaltools.gnu-tools-for-stm32.11.3.rel1.win32_1.1.1.202309131626/tools/bin/../lib/gcc/arm-none-eabi/11.3.1/thumb/v7e-m+fp/hard\libgcc.a

.comment        0x0000000000000000       0x43
 .comment       0x0000000000000000       0x43 C:/ST/STM32CubeIDE_1.13.2/STM32CubeIDE/plugins/com.st.stm32cube.ide.mcu.externaltools.gnu-tools-for-stm32.11.3.rel1.win32_1.1.1.202309131626/tools/bin/../lib/gcc/arm-none-eabi/11.3.1/thumb/v7e-m+fp/hard/crtbegin.o
                                         0x44 (size before relaxing)
 .comment       0x0000000000000043       0x44 ./Core/Src/UART.o
 .comment       0x0000000000000043       0x44 ./Core/Src/beeper.o
 .comment       0x0000000000000043       0x44 ./Core/Src/delay.o
 .comment       0x0000000000000043       0x44 ./Core/Src/fonts.o
 .comment       0x0000000000000043       0x44 ./Core/Src/i2c.o
 .comment       0x0000000000000043       0x44 ./Core/Src/keypad.o
 .comment       0x0000000000000043       0x44 ./Core/Src/main.o
 .comment       0x0000000000000043       0x44 ./Core/Src/oled.o
 .comment       0x0000000000000043       0x44 ./Core/Src/rfid.o
 .comment       0x0000000000000043       0x44 ./Core/Src/security_system_interface.o
 .comment       0x0000000000000043       0x44 ./Core/Src/spi.o
 .comment       0x0000000000000043       0x44 ./Core/Src/syscalls.o
 .comment       0x0000000000000043       0x44 ./Core/Src/sysmem.o
 .comment       0x0000000000000043       0x44 ./Core/Src/system_stm32f4xx.o
 .comment       0x0000000000000043       0x44 ./Core/Src/voice.o

.debug_info     0x0000000000000000     0x3628
 .debug_info    0x0000000000000000      0x3bf ./Core/Src/UART.o
 .debug_info    0x00000000000003bf      0x30c ./Core/Src/beeper.o
 .debug_info    0x00000000000006cb      0x1c7 ./Core/Src/delay.o
 .debug_info    0x0000000000000892      0x12e ./Core/Src/fonts.o
 .debug_info    0x00000000000009c0      0x43b ./Core/Src/i2c.o
 .debug_info    0x0000000000000dfb      0x222 ./Core/Src/keypad.o
 .debug_info    0x000000000000101d      0x1fa ./Core/Src/main.o
 .debug_info    0x0000000000001217      0x42c ./Core/Src/oled.o
 .debug_info    0x0000000000001643      0x756 ./Core/Src/rfid.o
 .debug_info    0x0000000000001d99      0x3cb ./Core/Src/security_system_interface.o
 .debug_info    0x0000000000002164      0x453 ./Core/Src/spi.o
 .debug_info    0x00000000000025b7      0x6a3 ./Core/Src/syscalls.o
 .debug_info    0x0000000000002c5a      0x168 ./Core/Src/sysmem.o
 .debug_info    0x0000000000002dc2      0x537 ./Core/Src/system_stm32f4xx.o
 .debug_info    0x00000000000032f9      0x30c ./Core/Src/voice.o
 .debug_info    0x0000000000003605       0x23 ./Core/Startup/startup_stm32f411vetx.o

.debug_abbrev   0x0000000000000000     0x11fc
 .debug_abbrev  0x0000000000000000      0x123 ./Core/Src/UART.o
 .debug_abbrev  0x0000000000000123       0xea ./Core/Src/beeper.o
 .debug_abbrev  0x000000000000020d      0x166 ./Core/Src/delay.o
 .debug_abbrev  0x0000000000000373       0xaf ./Core/Src/fonts.o
 .debug_abbrev  0x0000000000000422      0x107 ./Core/Src/i2c.o
 .debug_abbrev  0x0000000000000529      0x106 ./Core/Src/keypad.o
 .debug_abbrev  0x000000000000062f      0x114 ./Core/Src/main.o
 .debug_abbrev  0x0000000000000743      0x1d5 ./Core/Src/oled.o
 .debug_abbrev  0x0000000000000918      0x1ba ./Core/Src/rfid.o
 .debug_abbrev  0x0000000000000ad2      0x176 ./Core/Src/security_system_interface.o
 .debug_abbrev  0x0000000000000c48      0x130 ./Core/Src/spi.o
 .debug_abbrev  0x0000000000000d78      0x1b6 ./Core/Src/syscalls.o
 .debug_abbrev  0x0000000000000f2e       0xbc ./Core/Src/sysmem.o
 .debug_abbrev  0x0000000000000fea      0x11a ./Core/Src/system_stm32f4xx.o
 .debug_abbrev  0x0000000000001104       0xe6 ./Core/Src/voice.o
 .debug_abbrev  0x00000000000011ea       0x12 ./Core/Startup/startup_stm32f411vetx.o

.debug_aranges  0x0000000000000000      0x3b0
 .debug_aranges
                0x0000000000000000       0x38 ./Core/Src/UART.o
 .debug_aranges
                0x0000000000000038       0x28 ./Core/Src/beeper.o
 .debug_aranges
                0x0000000000000060       0x38 ./Core/Src/delay.o
 .debug_aranges
                0x0000000000000098       0x18 ./Core/Src/fonts.o
 .debug_aranges
                0x00000000000000b0       0x30 ./Core/Src/i2c.o
 .debug_aranges
                0x00000000000000e0       0x28 ./Core/Src/keypad.o
 .debug_aranges
                0x0000000000000108       0x20 ./Core/Src/main.o
 .debug_aranges
                0x0000000000000128       0x70 ./Core/Src/oled.o
 .debug_aranges
                0x0000000000000198       0x88 ./Core/Src/rfid.o
 .debug_aranges
                0x0000000000000220       0x20 ./Core/Src/security_system_interface.o
 .debug_aranges
                0x0000000000000240       0x30 ./Core/Src/spi.o
 .debug_aranges
                0x0000000000000270       0xa8 ./Core/Src/syscalls.o
 .debug_aranges
                0x0000000000000318       0x20 ./Core/Src/sysmem.o
 .debug_aranges
                0x0000000000000338       0x28 ./Core/Src/system_stm32f4xx.o
 .debug_aranges
                0x0000000000000360       0x28 ./Core/Src/voice.o
 .debug_aranges
                0x0000000000000388       0x28 ./Core/Startup/startup_stm32f411vetx.o

.debug_rnglists
                0x0000000000000000      0x275
 .debug_rnglists
                0x0000000000000000       0x25 ./Core/Src/UART.o
 .debug_rnglists
                0x0000000000000025       0x19 ./Core/Src/beeper.o
 .debug_rnglists
                0x000000000000003e       0x25 ./Core/Src/delay.o
 .debug_rnglists
                0x0000000000000063       0x22 ./Core/Src/i2c.o
 .debug_rnglists
                0x0000000000000085       0x1b ./Core/Src/keypad.o
 .debug_rnglists
                0x00000000000000a0       0x13 ./Core/Src/main.o
 .debug_rnglists
                0x00000000000000b3       0x52 ./Core/Src/oled.o
 .debug_rnglists
                0x0000000000000105       0x64 ./Core/Src/rfid.o
 .debug_rnglists
                0x0000000000000169       0x14 ./Core/Src/security_system_interface.o
 .debug_rnglists
                0x000000000000017d       0x20 ./Core/Src/spi.o
 .debug_rnglists
                0x000000000000019d       0x79 ./Core/Src/syscalls.o
 .debug_rnglists
                0x0000000000000216       0x13 ./Core/Src/sysmem.o
 .debug_rnglists
                0x0000000000000229       0x1a ./Core/Src/system_stm32f4xx.o
 .debug_rnglists
                0x0000000000000243       0x19 ./Core/Src/voice.o
 .debug_rnglists
                0x000000000000025c       0x19 ./Core/Startup/startup_stm32f411vetx.o

.debug_macro    0x0000000000000000    0x10ff7
 .debug_macro   0x0000000000000000       0xdd ./Core/Src/UART.o
 .debug_macro   0x00000000000000dd      0xaa2 ./Core/Src/UART.o
 .debug_macro   0x0000000000000b7f       0x2e ./Core/Src/UART.o
 .debug_macro   0x0000000000000bad       0x28 ./Core/Src/UART.o
 .debug_macro   0x0000000000000bd5       0x22 ./Core/Src/UART.o
 .debug_macro   0x0000000000000bf7       0x8e ./Core/Src/UART.o
 .debug_macro   0x0000000000000c85       0x51 ./Core/Src/UART.o
 .debug_macro   0x0000000000000cd6      0x103 ./Core/Src/UART.o
 .debug_macro   0x0000000000000dd9       0x6a ./Core/Src/UART.o
 .debug_macro   0x0000000000000e43      0x1df ./Core/Src/UART.o
 .debug_macro   0x0000000000001022       0x1c ./Core/Src/UART.o
 .debug_macro   0x000000000000103e       0x22 ./Core/Src/UART.o
 .debug_macro   0x0000000000001060       0xd9 ./Core/Src/UART.o
 .debug_macro   0x0000000000001139     0x102d ./Core/Src/UART.o
 .debug_macro   0x0000000000002166      0x11f ./Core/Src/UART.o
 .debug_macro   0x0000000000002285     0xb953 ./Core/Src/UART.o
 .debug_macro   0x000000000000dbd8       0x6d ./Core/Src/UART.o
 .debug_macro   0x000000000000dc45       0x34 ./Core/Src/UART.o
 .debug_macro   0x000000000000dc79       0xe2 ./Core/Src/beeper.o
 .debug_macro   0x000000000000dd5b       0xd8 ./Core/Src/delay.o
 .debug_macro   0x000000000000de33      0x1ab ./Core/Src/fonts.o
 .debug_macro   0x000000000000dfde       0x61 ./Core/Src/fonts.o
 .debug_macro   0x000000000000e03f       0x2a ./Core/Src/fonts.o
 .debug_macro   0x000000000000e069       0x43 ./Core/Src/fonts.o
 .debug_macro   0x000000000000e0ac       0x34 ./Core/Src/fonts.o
 .debug_macro   0x000000000000e0e0      0x174 ./Core/Src/fonts.o
 .debug_macro   0x000000000000e254       0x16 ./Core/Src/fonts.o
 .debug_macro   0x000000000000e26a       0x43 ./Core/Src/fonts.o
 .debug_macro   0x000000000000e2ad       0x34 ./Core/Src/fonts.o
 .debug_macro   0x000000000000e2e1       0x10 ./Core/Src/fonts.o
 .debug_macro   0x000000000000e2f1       0x58 ./Core/Src/fonts.o
 .debug_macro   0x000000000000e349       0x8e ./Core/Src/fonts.o
 .debug_macro   0x000000000000e3d7       0x1c ./Core/Src/fonts.o
 .debug_macro   0x000000000000e3f3      0x177 ./Core/Src/fonts.o
 .debug_macro   0x000000000000e56a      0x369 ./Core/Src/fonts.o
 .debug_macro   0x000000000000e8d3       0x10 ./Core/Src/fonts.o
 .debug_macro   0x000000000000e8e3       0x35 ./Core/Src/fonts.o
 .debug_macro   0x000000000000e918       0x20 ./Core/Src/fonts.o
 .debug_macro   0x000000000000e938       0xe2 ./Core/Src/i2c.o
 .debug_macro   0x000000000000ea1a      0x235 ./Core/Src/keypad.o
 .debug_macro   0x000000000000ec4f       0x5b ./Core/Src/keypad.o
 .debug_macro   0x000000000000ecaa       0x94 ./Core/Src/keypad.o
 .debug_macro   0x000000000000ed3e       0x16 ./Core/Src/keypad.o
 .debug_macro   0x000000000000ed54       0x57 ./Core/Src/keypad.o
 .debug_macro   0x000000000000edab       0x97 ./Core/Src/keypad.o
 .debug_macro   0x000000000000ee42       0xfd ./Core/Src/keypad.o
 .debug_macro   0x000000000000ef3f       0x10 ./Core/Src/keypad.o
 .debug_macro   0x000000000000ef4f       0x16 ./Core/Src/keypad.o
 .debug_macro   0x000000000000ef65       0x16 ./Core/Src/keypad.o
 .debug_macro   0x000000000000ef7b      0x147 ./Core/Src/keypad.o
 .debug_macro   0x000000000000f0c2       0x16 ./Core/Src/keypad.o
 .debug_macro   0x000000000000f0d8       0x16 ./Core/Src/keypad.o
 .debug_macro   0x000000000000f0ee       0x29 ./Core/Src/keypad.o
 .debug_macro   0x000000000000f117       0x22 ./Core/Src/keypad.o
 .debug_macro   0x000000000000f139       0x16 ./Core/Src/keypad.o
 .debug_macro   0x000000000000f14f      0x28d ./Core/Src/main.o
 .debug_macro   0x000000000000f3dc       0xa6 ./Core/Src/main.o
 .debug_macro   0x000000000000f482       0x16 ./Core/Src/main.o
 .debug_macro   0x000000000000f498      0x208 ./Core/Src/oled.o
 .debug_macro   0x000000000000f6a0      0x10e ./Core/Src/oled.o
 .debug_macro   0x000000000000f7ae       0x8d ./Core/Src/oled.o
 .debug_macro   0x000000000000f83b      0x1d1 ./Core/Src/rfid.o
 .debug_macro   0x000000000000fa0c       0xa0 ./Core/Src/rfid.o
 .debug_macro   0x000000000000faac      0x2a1 ./Core/Src/security_system_interface.o
 .debug_macro   0x000000000000fd4d       0xa0 ./Core/Src/security_system_interface.o
 .debug_macro   0x000000000000fded       0x3a ./Core/Src/security_system_interface.o
 .debug_macro   0x000000000000fe27      0x1bf ./Core/Src/spi.o
 .debug_macro   0x000000000000ffe6      0x274 ./Core/Src/syscalls.o
 .debug_macro   0x000000000001025a       0x10 ./Core/Src/syscalls.o
 .debug_macro   0x000000000001026a       0x10 ./Core/Src/syscalls.o
 .debug_macro   0x000000000001027a       0x10 ./Core/Src/syscalls.o
 .debug_macro   0x000000000001028a       0x10 ./Core/Src/syscalls.o
 .debug_macro   0x000000000001029a       0x1c ./Core/Src/syscalls.o
 .debug_macro   0x00000000000102b6       0x52 ./Core/Src/syscalls.o
 .debug_macro   0x0000000000010308       0x22 ./Core/Src/syscalls.o
 .debug_macro   0x000000000001032a       0x10 ./Core/Src/syscalls.o
 .debug_macro   0x000000000001033a       0x52 ./Core/Src/syscalls.o
 .debug_macro   0x000000000001038c       0xcf ./Core/Src/syscalls.o
 .debug_macro   0x000000000001045b       0x1c ./Core/Src/syscalls.o
 .debug_macro   0x0000000000010477       0x3d ./Core/Src/syscalls.o
 .debug_macro   0x00000000000104b4       0x35 ./Core/Src/syscalls.o
 .debug_macro   0x00000000000104e9      0x12c ./Core/Src/syscalls.o
 .debug_macro   0x0000000000010615       0x10 ./Core/Src/syscalls.o
 .debug_macro   0x0000000000010625      0x242 ./Core/Src/syscalls.o
 .debug_macro   0x0000000000010867       0x1c ./Core/Src/syscalls.o
 .debug_macro   0x0000000000010883       0x10 ./Core/Src/syscalls.o
 .debug_macro   0x0000000000010893      0x18a ./Core/Src/syscalls.o
 .debug_macro   0x0000000000010a1d       0x16 ./Core/Src/syscalls.o
 .debug_macro   0x0000000000010a33       0xce ./Core/Src/syscalls.o
 .debug_macro   0x0000000000010b01       0xff ./Core/Src/sysmem.o
 .debug_macro   0x0000000000010c00      0x23c ./Core/Src/sysmem.o
 .debug_macro   0x0000000000010e3c       0xda ./Core/Src/system_stm32f4xx.o
 .debug_macro   0x0000000000010f16       0xe1 ./Core/Src/voice.o

.debug_line     0x0000000000000000     0x698c
 .debug_line    0x0000000000000000      0x589 ./Core/Src/UART.o
 .debug_line    0x0000000000000589      0x520 ./Core/Src/beeper.o
 .debug_line    0x0000000000000aa9      0x5a0 ./Core/Src/delay.o
 .debug_line    0x0000000000001049      0x646 ./Core/Src/fonts.o
 .debug_line    0x000000000000168f      0x6a7 ./Core/Src/i2c.o
 .debug_line    0x0000000000001d36      0x972 ./Core/Src/keypad.o
 .debug_line    0x00000000000026a8      0x735 ./Core/Src/main.o
 .debug_line    0x0000000000002ddd      0x8ea ./Core/Src/oled.o
 .debug_line    0x00000000000036c7      0x9bf ./Core/Src/rfid.o
 .debug_line    0x0000000000004086      0x88d ./Core/Src/security_system_interface.o
 .debug_line    0x0000000000004913      0x754 ./Core/Src/spi.o
 .debug_line    0x0000000000005067      0x8a9 ./Core/Src/syscalls.o
 .debug_line    0x0000000000005910      0x579 ./Core/Src/sysmem.o
 .debug_line    0x0000000000005e89      0x572 ./Core/Src/system_stm32f4xx.o
 .debug_line    0x00000000000063fb      0x517 ./Core/Src/voice.o
 .debug_line    0x0000000000006912       0x7a ./Core/Startup/startup_stm32f411vetx.o

.debug_str      0x0000000000000000    0x5632f
 .debug_str     0x0000000000000000    0x4fba8 ./Core/Src/UART.o
                                      0x4fd16 (size before relaxing)
 .debug_str     0x000000000004fba8       0x4c ./Core/Src/beeper.o
                                      0x4fc25 (size before relaxing)
 .debug_str     0x000000000004fbf4       0x7e ./Core/Src/delay.o
                                      0x4fb28 (size before relaxing)
 .debug_str     0x000000000004fc72     0x346c ./Core/Src/fonts.o
                                      0x52f94 (size before relaxing)
 .debug_str     0x00000000000530de       0x65 ./Core/Src/i2c.o
                                      0x4fc79 (size before relaxing)
 .debug_str     0x0000000000053143      0x823 ./Core/Src/keypad.o
                                      0x53860 (size before relaxing)
 .debug_str     0x0000000000053966      0x3bc ./Core/Src/main.o
                                      0x53c05 (size before relaxing)
 .debug_str     0x0000000000053d22      0x130 ./Core/Src/oled.o
                                      0x532ca (size before relaxing)
 .debug_str     0x0000000000053e52      0x1c6 ./Core/Src/rfid.o
                                      0x53b1d (size before relaxing)
 .debug_str     0x0000000000054018      0x10a ./Core/Src/security_system_interface.o
                                      0x53cbd (size before relaxing)
 .debug_str     0x0000000000054122       0x41 ./Core/Src/spi.o
                                      0x53700 (size before relaxing)
 .debug_str     0x0000000000054163     0x1ff5 ./Core/Src/syscalls.o
                                       0x98a7 (size before relaxing)
 .debug_str     0x0000000000056158       0x6b ./Core/Src/sysmem.o
                                       0x605e (size before relaxing)
 .debug_str     0x00000000000561c3      0x119 ./Core/Src/system_stm32f4xx.o
                                      0x4fcd2 (size before relaxing)
 .debug_str     0x00000000000562dc       0x1f ./Core/Src/voice.o
                                      0x4fcdf (size before relaxing)
 .debug_str     0x00000000000562fb       0x34 ./Core/Startup/startup_stm32f411vetx.o
                                         0x81 (size before relaxing)

.debug_frame    0x0000000000000000     0x1498
 .debug_frame   0x0000000000000000       0x9c ./Core/Src/UART.o
 .debug_frame   0x000000000000009c       0x4c ./Core/Src/beeper.o
 .debug_frame   0x00000000000000e8       0x9c ./Core/Src/delay.o
 .debug_frame   0x0000000000000184       0x80 ./Core/Src/i2c.o
 .debug_frame   0x0000000000000204       0x58 ./Core/Src/keypad.o
 .debug_frame   0x000000000000025c       0x2c ./Core/Src/main.o
 .debug_frame   0x0000000000000288      0x198 ./Core/Src/oled.o
 .debug_frame   0x0000000000000420      0x200 ./Core/Src/rfid.o
 .debug_frame   0x0000000000000620       0x38 ./Core/Src/security_system_interface.o
 .debug_frame   0x0000000000000658       0x78 ./Core/Src/spi.o
 .debug_frame   0x00000000000006d0      0x2ac ./Core/Src/syscalls.o
 .debug_frame   0x000000000000097c       0x34 ./Core/Src/sysmem.o
 .debug_frame   0x00000000000009b0       0x58 ./Core/Src/system_stm32f4xx.o
 .debug_frame   0x0000000000000a08       0x4c ./Core/Src/voice.o
 .debug_frame   0x0000000000000a54      0x144 C:/ST/STM32CubeIDE_1.13.2/STM32CubeIDE/plugins/com.st.stm32cube.ide.mcu.externaltools.gnu-tools-for-stm32.11.3.rel1.win32_1.1.1.202309131626/tools/bin/../lib/gcc/arm-none-eabi/11.3.1/../../../../arm-none-eabi/lib/thumb/v7e-m+fp/hard\libc_nano.a(libc_a-findfp.o)
 .debug_frame   0x0000000000000b98       0x34 C:/ST/STM32CubeIDE_1.13.2/STM32CubeIDE/plugins/com.st.stm32cube.ide.mcu.externaltools.gnu-tools-for-stm32.11.3.rel1.win32_1.1.1.202309131626/tools/bin/../lib/gcc/arm-none-eabi/11.3.1/../../../../arm-none-eabi/lib/thumb/v7e-m+fp/hard\libc_nano.a(libc_a-fwalk.o)
 .debug_frame   0x0000000000000bcc       0x6c C:/ST/STM32CubeIDE_1.13.2/STM32CubeIDE/plugins/com.st.stm32cube.ide.mcu.externaltools.gnu-tools-for-stm32.11.3.rel1.win32_1.1.1.202309131626/tools/bin/../lib/gcc/arm-none-eabi/11.3.1/../../../../arm-none-eabi/lib/thumb/v7e-m+fp/hard\libc_nano.a(libc_a-printf.o)
 .debug_frame   0x0000000000000c38       0x3c C:/ST/STM32CubeIDE_1.13.2/STM32CubeIDE/plugins/com.st.stm32cube.ide.mcu.externaltools.gnu-tools-for-stm32.11.3.rel1.win32_1.1.1.202309131626/tools/bin/../lib/gcc/arm-none-eabi/11.3.1/../../../../arm-none-eabi/lib/thumb/v7e-m+fp/hard\libc_nano.a(libc_a-puts.o)
 .debug_frame   0x0000000000000c74       0x6c C:/ST/STM32CubeIDE_1.13.2/STM32CubeIDE/plugins/com.st.stm32cube.ide.mcu.externaltools.gnu-tools-for-stm32.11.3.rel1.win32_1.1.1.202309131626/tools/bin/../lib/gcc/arm-none-eabi/11.3.1/../../../../arm-none-eabi/lib/thumb/v7e-m+fp/hard\libc_nano.a(libc_a-sprintf.o)
 .debug_frame   0x0000000000000ce0       0x88 C:/ST/STM32CubeIDE_1.13.2/STM32CubeIDE/plugins/com.st.stm32cube.ide.mcu.externaltools.gnu-tools-for-stm32.11.3.rel1.win32_1.1.1.202309131626/tools/bin/../lib/gcc/arm-none-eabi/11.3.1/../../../../arm-none-eabi/lib/thumb/v7e-m+fp/hard\libc_nano.a(libc_a-stdio.o)
 .debug_frame   0x0000000000000d68       0x40 C:/ST/STM32CubeIDE_1.13.2/STM32CubeIDE/plugins/com.st.stm32cube.ide.mcu.externaltools.gnu-tools-for-stm32.11.3.rel1.win32_1.1.1.202309131626/tools/bin/../lib/gcc/arm-none-eabi/11.3.1/../../../../arm-none-eabi/lib/thumb/v7e-m+fp/hard\libc_nano.a(libc_a-wbuf.o)
 .debug_frame   0x0000000000000da8       0x2c C:/ST/STM32CubeIDE_1.13.2/STM32CubeIDE/plugins/com.st.stm32cube.ide.mcu.externaltools.gnu-tools-for-stm32.11.3.rel1.win32_1.1.1.202309131626/tools/bin/../lib/gcc/arm-none-eabi/11.3.1/../../../../arm-none-eabi/lib/thumb/v7e-m+fp/hard\libc_nano.a(libc_a-wsetup.o)
 .debug_frame   0x0000000000000dd4       0x20 C:/ST/STM32CubeIDE_1.13.2/STM32CubeIDE/plugins/com.st.stm32cube.ide.mcu.externaltools.gnu-tools-for-stm32.11.3.rel1.win32_1.1.1.202309131626/tools/bin/../lib/gcc/arm-none-eabi/11.3.1/../../../../arm-none-eabi/lib/thumb/v7e-m+fp/hard\libc_nano.a(libc_a-memset.o)
 .debug_frame   0x0000000000000df4       0x20 C:/ST/STM32CubeIDE_1.13.2/STM32CubeIDE/plugins/com.st.stm32cube.ide.mcu.externaltools.gnu-tools-for-stm32.11.3.rel1.win32_1.1.1.202309131626/tools/bin/../lib/gcc/arm-none-eabi/11.3.1/../../../../arm-none-eabi/lib/thumb/v7e-m+fp/hard\libc_nano.a(libc_a-strdup.o)
 .debug_frame   0x0000000000000e14       0x2c C:/ST/STM32CubeIDE_1.13.2/STM32CubeIDE/plugins/com.st.stm32cube.ide.mcu.externaltools.gnu-tools-for-stm32.11.3.rel1.win32_1.1.1.202309131626/tools/bin/../lib/gcc/arm-none-eabi/11.3.1/../../../../arm-none-eabi/lib/thumb/v7e-m+fp/hard\libc_nano.a(libc_a-strdup_r.o)
 .debug_frame   0x0000000000000e40       0x2c C:/ST/STM32CubeIDE_1.13.2/STM32CubeIDE/plugins/com.st.stm32cube.ide.mcu.externaltools.gnu-tools-for-stm32.11.3.rel1.win32_1.1.1.202309131626/tools/bin/../lib/gcc/arm-none-eabi/11.3.1/../../../../arm-none-eabi/lib/thumb/v7e-m+fp/hard\libc_nano.a(libc_a-closer.o)