../Core/Src/oled.c:42:9:SSD1106_init	16	static
../Core/Src/oled.c:102:6:SSD1106_update_screen	16	static
../Core/Src/oled.c:116:6:SSD1106_fill	16	static
../Core/Src/oled.c:122:6:SSD1106_draw_pixel	16	static
../Core/Src/oled.c:136:6:SSD1106_gotoXY	16	static
../Core/Src/oled.c:142:6:SSD1106_putc	32	static
../Core/Src/oled.c:174:6:SSD1106_puts	24	static
../Core/Src/oled.c:191:6:SSD1106_clear_screen	8	static
../Core/Src/oled.c:196:6:SSD1106_clear_line	8	static
../Core/Src/oled.c:200:6:SSD1106_i2c_init	16	static
../Core/Src/oled.c:208:6:SSD1106_i2c_write_multi	16	static
